Component: ARM Compiler 5.06 update 7 (build 960) Tool: armlink [4d3601]

==============================================================================

Section Cross References

    startup_stm32f10x_hd.o(RESET) refers to startup_stm32f10x_hd.o(STACK) for __initial_sp
    startup_stm32f10x_hd.o(RESET) refers to startup_stm32f10x_hd.o(.text) for Reset_Handler
    startup_stm32f10x_hd.o(RESET) refers to stm32f10x_it.o(i.NMI_Handler) for NMI_Handler
    startup_stm32f10x_hd.o(RESET) refers to stm32f10x_it.o(i.HardFault_Handler) for HardFault_Handler
    startup_stm32f10x_hd.o(RESET) refers to stm32f10x_it.o(i.MemManage_Handler) for MemManage_Handler
    startup_stm32f10x_hd.o(RESET) refers to stm32f10x_it.o(i.BusFault_Handler) for BusFault_Handler
    startup_stm32f10x_hd.o(RESET) refers to stm32f10x_it.o(i.UsageFault_Handler) for UsageFault_Handler
    startup_stm32f10x_hd.o(RESET) refers to stm32f10x_it.o(i.SVC_Handler) for SVC_Handler
    startup_stm32f10x_hd.o(RESET) refers to stm32f10x_it.o(i.DebugMon_Handler) for DebugMon_Handler
    startup_stm32f10x_hd.o(RESET) refers to stm32f10x_it.o(i.PendSV_Handler) for PendSV_Handler
    startup_stm32f10x_hd.o(RESET) refers to stm32f10x_it.o(i.SysTick_Handler) for SysTick_Handler
    startup_stm32f10x_hd.o(.text) refers to system_stm32f10x.o(i.SystemInit) for SystemInit
    startup_stm32f10x_hd.o(.text) refers to entry.o(.ARM.Collect$$$$00000000) for __main
    system_stm32f10x.o(i.SetSysClock) refers to system_stm32f10x.o(i.SetSysClockTo72) for SetSysClockTo72
    system_stm32f10x.o(i.SystemCoreClockUpdate) refers to system_stm32f10x.o(.data) for SystemCoreClock
    system_stm32f10x.o(i.SystemInit) refers to system_stm32f10x.o(i.SetSysClock) for SetSysClock
    stm32f10x_adc.o(i.ADC_DeInit) refers to stm32f10x_rcc.o(i.RCC_APB2PeriphResetCmd) for RCC_APB2PeriphResetCmd
    stm32f10x_bkp.o(i.BKP_DeInit) refers to stm32f10x_rcc.o(i.RCC_BackupResetCmd) for RCC_BackupResetCmd
    stm32f10x_can.o(i.CAN_DeInit) refers to stm32f10x_rcc.o(i.RCC_APB1PeriphResetCmd) for RCC_APB1PeriphResetCmd
    stm32f10x_can.o(i.CAN_GetITStatus) refers to stm32f10x_can.o(i.CheckITStatus) for CheckITStatus
    stm32f10x_cec.o(i.CEC_DeInit) refers to stm32f10x_rcc.o(i.RCC_APB1PeriphResetCmd) for RCC_APB1PeriphResetCmd
    stm32f10x_dac.o(i.DAC_DeInit) refers to stm32f10x_rcc.o(i.RCC_APB1PeriphResetCmd) for RCC_APB1PeriphResetCmd
    stm32f10x_flash.o(i.FLASH_EnableWriteProtection) refers to stm32f10x_flash.o(i.FLASH_WaitForLastOperation) for FLASH_WaitForLastOperation
    stm32f10x_flash.o(i.FLASH_EraseAllBank1Pages) refers to stm32f10x_flash.o(i.FLASH_WaitForLastBank1Operation) for FLASH_WaitForLastBank1Operation
    stm32f10x_flash.o(i.FLASH_EraseAllPages) refers to stm32f10x_flash.o(i.FLASH_WaitForLastOperation) for FLASH_WaitForLastOperation
    stm32f10x_flash.o(i.FLASH_EraseOptionBytes) refers to stm32f10x_flash.o(i.FLASH_GetReadOutProtectionStatus) for FLASH_GetReadOutProtectionStatus
    stm32f10x_flash.o(i.FLASH_EraseOptionBytes) refers to stm32f10x_flash.o(i.FLASH_WaitForLastOperation) for FLASH_WaitForLastOperation
    stm32f10x_flash.o(i.FLASH_ErasePage) refers to stm32f10x_flash.o(i.FLASH_WaitForLastOperation) for FLASH_WaitForLastOperation
    stm32f10x_flash.o(i.FLASH_ProgramHalfWord) refers to stm32f10x_flash.o(i.FLASH_WaitForLastOperation) for FLASH_WaitForLastOperation
    stm32f10x_flash.o(i.FLASH_ProgramOptionByteData) refers to stm32f10x_flash.o(i.FLASH_WaitForLastOperation) for FLASH_WaitForLastOperation
    stm32f10x_flash.o(i.FLASH_ProgramWord) refers to stm32f10x_flash.o(i.FLASH_WaitForLastOperation) for FLASH_WaitForLastOperation
    stm32f10x_flash.o(i.FLASH_ReadOutProtection) refers to stm32f10x_flash.o(i.FLASH_WaitForLastOperation) for FLASH_WaitForLastOperation
    stm32f10x_flash.o(i.FLASH_UserOptionByteConfig) refers to stm32f10x_flash.o(i.FLASH_WaitForLastOperation) for FLASH_WaitForLastOperation
    stm32f10x_flash.o(i.FLASH_WaitForLastBank1Operation) refers to stm32f10x_flash.o(i.FLASH_GetBank1Status) for FLASH_GetBank1Status
    stm32f10x_flash.o(i.FLASH_WaitForLastOperation) refers to stm32f10x_flash.o(i.FLASH_GetBank1Status) for FLASH_GetBank1Status
    stm32f10x_gpio.o(i.GPIO_AFIODeInit) refers to stm32f10x_rcc.o(i.RCC_APB2PeriphResetCmd) for RCC_APB2PeriphResetCmd
    stm32f10x_gpio.o(i.GPIO_DeInit) refers to stm32f10x_rcc.o(i.RCC_APB2PeriphResetCmd) for RCC_APB2PeriphResetCmd
    stm32f10x_i2c.o(i.I2C_DeInit) refers to stm32f10x_rcc.o(i.RCC_APB1PeriphResetCmd) for RCC_APB1PeriphResetCmd
    stm32f10x_i2c.o(i.I2C_Init) refers to stm32f10x_rcc.o(i.RCC_GetClocksFreq) for RCC_GetClocksFreq
    stm32f10x_pwr.o(i.PWR_DeInit) refers to stm32f10x_rcc.o(i.RCC_APB1PeriphResetCmd) for RCC_APB1PeriphResetCmd
    stm32f10x_rcc.o(i.RCC_GetClocksFreq) refers to stm32f10x_rcc.o(.data) for APBAHBPrescTable
    stm32f10x_rcc.o(i.RCC_WaitForHSEStartUp) refers to stm32f10x_rcc.o(i.RCC_GetFlagStatus) for RCC_GetFlagStatus
[...]
    main.o(i.CAR_STOP) refers to main.o(i.WheelC_Direction) for WheelC_Direction
    main.o(i.CAR_STOP) refers to main.o(i.WheelD_Direction) for WheelD_Direction
    main.o(i.ClawA_CLOSE) refers to main.o(i.ClawA_CTL) for ClawA_CTL
    main.o(i.ClawA_CTL) refers to bsp_generaltim.o(i.TIM3_CH_Change) for TIM3_CH_Change
    main.o(i.ClawA_OPEN) refers to main.o(i.ClawA_CTL) for ClawA_CTL
    main.o(i.Delay) refers to main.o(i.Delayms) for Delayms
    main.o(i.Delay_1s) refers to main.o(i.Delayms) for Delayms
    main.o(i.GENERAL_TIM_INIT) refers to bsp_generaltim.o(i.GENERAL_TIM2_GPIO_Config) for GENERAL_TIM2_GPIO_Config
    main.o(i.GENERAL_TIM_INIT) refers to bsp_generaltim.o(i.GENERAL_TIM2_Mode_Config) for GENERAL_TIM2_Mode_Config
    main.o(i.GENERAL_TIM_INIT) refers to bsp_generaltim.o(i.GENERAL_TIM3_GPIO_Config) for GENERAL_TIM3_GPIO_Config
    main.o(i.GENERAL_TIM_INIT) refers to bsp_generaltim.o(i.GENERAL_TIM3_Mode_Config) for GENERAL_TIM3_Mode_Config
    main.o(i.GENERAL_TIM_INIT) refers to bsp_generaltim.o(i.GENERAL_TIM4_GPIO_Config) for GENERAL_TIM4_GPIO_Config
    main.o(i.GENERAL_TIM_INIT) refers to bsp_generaltim.o(i.GENERAL_TIM4_Mode_Config) for GENERAL_TIM4_Mode_Config
    main.o(i.GPIO_INIT) refers to aoutput.o(i.AOUTPUT_Config) for AOUTPUT_Config
    main.o(i.Init_Arm) refers to main.o(i.ClawA_OPEN) for ClawA_OPEN
    main.o(i.Init_Arm) refers to main.o(i.ArmB_CTL) for ArmB_CTL
    main.o(i.Init_Arm) refers to main.o(i.ArmC_CTL) for ArmC_CTL
    main.o(i.Init_Arm) refers to main.o(i.ArmD_CTL) for ArmD_CTL
    main.o(i.Init_Arm) refers to main.o(i.RotaE_CTL) for RotaE_CTL
    main.o(i.Init_Arm) refers to main.o(i.Delay_1s) for Delay_1s
    main.o(i.POWER_CLOSE) refers to aoutput.o(i.BUZZER_OPEN) for BUZZER_OPEN
    main.o(i.POWER_CLOSE) refers to main.o(i.Delayms) for Delayms
    main.o(i.POWER_CLOSE) refers to aoutput.o(i.BUZZER_CLOSE) for BUZZER_CLOSE
    main.o(i.POWER_CLOSE) refers to main.o(i.CAR_STOP) for CAR_STOP
    main.o(i.POWER_CLOSE) refers to aoutput.o(i.POWER_A24V_CLOSE) for POWER_A24V_CLOSE
    main.o(i.POWER_CLOSE) refers to aoutput.o(i.POWER_B20V_CLOSE) for POWER_B20V_CLOSE
    main.o(i.POWER_CLOSE) refers to aoutput.o(i.POWER_C6V4_CLOSE) for POWER_C6V4_CLOSE
    main.o(i.POWER_OPEN) refers to aoutput.o(i.BUZZER_OPEN) for BUZZER_OPEN
    main.o(i.POWER_OPEN) refers to main.o(i.Delayms) for Delayms
    main.o(i.POWER_OPEN) refers to main.o(i.CAR_STOP) for CAR_STOP
    main.o(i.POWER_OPEN) refers to aoutput.o(i.POWER_A24V_OPEN) for POWER_A24V_OPEN
    main.o(i.POWER_OPEN) refers to aoutput.o(i.POWER_B20V_OPEN) for POWER_B20V_OPEN
    main.o(i.POWER_OPEN) refers to aoutput.o(i.POWER_C6V4_OPEN) for POWER_C6V4_OPEN
    main.o(i.POWER_OPEN) refers to aoutput.o(i.BUZZER_CLOSE) for BUZZER_CLOSE
    main.o(i.RotaE_CTL) refers to bsp_generaltim.o(i.TIM4_CH_Change) for TIM4_CH_Change
    main.o(i.WheelA_Direction) refers to aoutput.o(i.AA_GOFORWARD) for AA_GOFORWARD
    main.o(i.WheelA_Direction) refers to aoutput.o(i.AA_BACKUP) for AA_BACKUP
    main.o(i.WheelA_Direction) refers to aoutput.o(i.AA_STOP) for AA_STOP
    main.o(i.WheelA_Speed) refers to bsp_generaltim.o(i.TIM2_CH_Change) for TIM2_CH_Change
    main.o(i.WheelB_Direction) refers to aoutput.o(i.BB_GOFORWARD) for BB_GOFORWARD
    main.o(i.WheelB_Direction) refers to aoutput.o(i.BB_BACKUP) for BB_BACKUP
    main.o(i.WheelB_Direction) refers to aoutput.o(i.BB_STOP) for BB_STOP
    main.o(i.WheelB_Speed) refers to bsp_generaltim.o(i.TIM2_CH_Change) for TIM2_CH_Change
    main.o(i.WheelC_Direction) refers to aoutput.o(i.CC_GOFORWARD) for CC_GOFORWARD
    main.o(i.WheelC_Direction) refers to aoutput.o(i.CC_BACKUP) for CC_BACKUP
    main.o(i.WheelC_Direction) refers to aoutput.o(i.CC_STOP) for CC_STOP
    main.o(i.WheelC_Speed) refers to bsp_generaltim.o(i.TIM2_CH_Change) for TIM2_CH_Change
    main.o(i.WheelD_Direction) refers to aoutput.o(i.DD_GOFORWARD) for DD_GOFORWARD
    main.o(i.WheelD_Direction) refers to aoutput.o(i.DD_BACKUP) for DD_BACKUP
    main.o(i.WheelD_Direction) refers to aoutput.o(i.DD_STOP) for DD_STOP
    main.o(i.WheelD_Speed) refers to bsp_generaltim.o(i.TIM2_CH_Change) for TIM2_CH_Change
    main.o(i.main) refers to main.o(i.GENERAL_TIM_INIT) for GENERAL_TIM_INIT
    main.o(i.main) refers to main.o(i.GPIO_INIT) for GPIO_INIT
    main.o(i.main) refers to main.o(i.POWER_OPEN) for POWER_OPEN
    main.o(i.main) refers to main.o(i.Init_Arm) for Init_Arm
    main.o(i.main) refers to main.o(i.Delay_1s) for Delay_1s
    main.o(i.main) refers to aoutput.o(i.BUZZER_OPEN) for BUZZER_OPEN
    main.o(i.main) refers to aoutput.o(i.BUZZER_CLOSE) for BUZZER_CLOSE
    main.o(i.main) refers to main.o(i.CAR_STOP) for CAR_STOP
    main.o(i.main) refers to main.o(i.CAR_FORWARD) for CAR_FORWARD
    main.o(i.main) refers to main.o(i.CAR_BACK) for CAR_BACK
    main.o(i.main) refers to main.o(i.CAR_FLEFT) for CAR_FLEFT
    main.o(i.main) refers to main.o(i.CAR_BLEFT) for CAR_BLEFT
    main.o(i.main) refers to main.o(i.CAR_FRIGHT) for CAR_FRIGHT
    main.o(i.main) refers to main.o(i.CAR_BRIGHT) for CAR_BRIGHT
    main.o(i.main) refers to main.o(i.ArmD_CTL) for ArmD_CTL
    main.o(i.main) refers to main.o(i.ArmC_CTL) for ArmC_CTL
    main.o(i.main) refers to main.o(i.ArmB_CTL) for ArmB_CTL
    main.o(i.main) refers to main.o(i.RotaE_CTL) for RotaE_CTL
    main.o(i.main) refers to main.o(i.ClawA_OPEN) for ClawA_OPEN
    main.o(i.main) refers to main.o(i.ClawA_CLOSE) for ClawA_CLOSE
    main.o(i.main) refers to main.o(i.Delayms) for Delayms
    main.o(i.main) refers to main.o(i.POWER_CLOSE) for POWER_CLOSE
    bsp_generaltim.o(i.GENERAL_TIM2_GPIO_Config) refers to stm32f10x_rcc.o(i.RCC_APB2PeriphClockCmd) for RCC_APB2PeriphClockCmd
    bsp_generaltim.o(i.GENERAL_TIM2_GPIO_Config) refers to stm32f10x_gpio.o(i.GPIO_Init) for GPIO_Init
    bsp_generaltim.o(i.GENERAL_TIM2_Mode_Config) refers to stm32f10x_rcc.o(i.RCC_APB1PeriphClockCmd) for RCC_APB1PeriphClockCmd
    bsp_generaltim.o(i.GENERAL_TIM2_Mode_Config) refers to stm32f10x_tim.o(i.TIM_TimeBaseInit) for TIM_TimeBaseInit
    bsp_generaltim.o(i.GENERAL_TIM3_GPIO_Config) refers to stm32f10x_rcc.o(i.RCC_APB2PeriphClockCmd) for RCC_APB2PeriphClockCmd
    bsp_generaltim.o(i.GENERAL_TIM3_GPIO_Config) refers to stm32f10x_gpio.o(i.GPIO_Init) for GPIO_Init
    bsp_generaltim.o(i.GENERAL_TIM3_Mode_Config) refers to stm32f10x_rcc.o(i.RCC_APB1PeriphClockCmd) for RCC_APB1PeriphClockCmd
    bsp_generaltim.o(i.GENERAL_TIM3_Mode_Config) refers to stm32f10x_tim.o(i.TIM_TimeBaseInit) for TIM_TimeBaseInit
    bsp_generaltim.o(i.GENERAL_TIM4_GPIO_Config) refers to stm32f10x_rcc.o(i.RCC_APB2PeriphClockCmd) for RCC_APB2PeriphClockCmd
    bsp_generaltim.o(i.GENERAL_TIM4_GPIO_Config) refers to stm32f10x_gpio.o(i.GPIO_Init) for GPIO_Init
    bsp_generaltim.o(i.GENERAL_TIM4_Mode_Config) refers to stm32f10x_rcc.o(i.RCC_APB1PeriphClockCmd) for RCC_APB1PeriphClockCmd
    bsp_generaltim.o(i.GENERAL_TIM4_Mode_Config) refers to stm32f10x_tim.o(i.TIM_TimeBaseInit) for TIM_TimeBaseInit
    bsp_generaltim.o(i.TIM2_CH_Change) refers to stm32f10x_tim.o(i.TIM_OC1Init) for TIM_OC1Init
    bsp_generaltim.o(i.TIM2_CH_Change) refers to stm32f10x_tim.o(i.TIM_OC1PreloadConfig) for TIM_OC1PreloadConfig
    bsp_generaltim.o(i.TIM2_CH_Change) refers to stm32f10x_tim.o(i.TIM_OC2Init) for TIM_OC2Init
    bsp_generaltim.o(i.TIM2_CH_Change) refers to stm32f10x_tim.o(i.TIM_OC2PreloadConfig) for TIM_OC2PreloadConfig
    bsp_generaltim.o(i.TIM2_CH_Change) refers to stm32f10x_tim.o(i.TIM_OC3Init) for TIM_OC3Init
    bsp_generaltim.o(i.TIM2_CH_Change) refers to stm32f10x_tim.o(i.TIM_OC3PreloadConfig) for TIM_OC3PreloadConfig
    bsp_generaltim.o(i.TIM2_CH_Change) refers to stm32f10x_tim.o(i.TIM_OC4Init) for TIM_OC4Init
    bsp_generaltim.o(i.TIM2_CH_Change) refers to stm32f10x_tim.o(i.TIM_OC4PreloadConfig) for TIM_OC4PreloadConfig
    bsp_generaltim.o(i.TIM2_CH_Change) refers to stm32f10x_tim.o(i.TIM_Cmd) for TIM_Cmd
    bsp_generaltim.o(i.TIM3_CH_Change) refers to stm32f10x_tim.o(i.TIM_OC1Init) for TIM_OC1Init
    bsp_generaltim.o(i.TIM3_CH_Change) refers to stm32f10x_tim.o(i.TIM_OC1PreloadConfig) for TIM_OC1PreloadConfig
    bsp_generaltim.o(i.TIM3_CH_Change) refers to stm32f10x_tim.o(i.TIM_OC2Init) for TIM_OC2Init
    bsp_generaltim.o(i.TIM3_CH_Change) refers to stm32f10x_tim.o(i.TIM_OC2PreloadConfig) for TIM_OC2PreloadConfig
    bsp_generaltim.o(i.TIM3_CH_Change) refers to stm32f10x_tim.o(i.TIM_OC3Init) for TIM_OC3Init
    bsp_generaltim.o(i.TIM3_CH_Change) refers to stm32f10x_tim.o(i.TIM_OC3PreloadConfig) for TIM_OC3PreloadConfig
    bsp_generaltim.o(i.TIM3_CH_Change) refers to stm32f10x_tim.o(i.TIM_OC4Init) for TIM_OC4Init
    bsp_generaltim.o(i.TIM3_CH_Change) refers to stm32f10x_tim.o(i.TIM_OC4PreloadConfig) for TIM_OC4PreloadConfig
    bsp_generaltim.o(i.TIM3_CH_Change) refers to stm32f10x_tim.o(i.TIM_Cmd) for TIM_Cmd
    bsp_generaltim.o(i.TIM4_CH_Change) refers to stm32f10x_tim.o(i.TIM_OC1Init) for TIM_OC1Init
    bsp_generaltim.o(i.TIM4_CH_Change) refers to stm32f10x_tim.o(i.TIM_OC1PreloadConfig) for TIM_OC1PreloadConfig
    bsp_generaltim.o(i.TIM4_CH_Change) refers to stm32f10x_tim.o(i.TIM_OC2Init) for TIM_OC2Init
    bsp_generaltim.o(i.TIM4_CH_Change) refers to stm32f10x_tim.o(i.TIM_OC2PreloadConfig) for TIM_OC2PreloadConfig
    bsp_generaltim.o(i.TIM4_CH_Change) refers to stm32f10x_tim.o(i.TIM_OC3Init) for TIM_OC3Init
    bsp_generaltim.o(i.TIM4_CH_Change) refers to stm32f10x_tim.o(i.TIM_OC3PreloadConfig) for TIM_OC3PreloadConfig
    bsp_generaltim.o(i.TIM4_CH_Change) refers to stm32f10x_tim.o(i.TIM_OC4Init) for TIM_OC4Init
    bsp_generaltim.o(i.TIM4_CH_Change) refers to stm32f10x_tim.o(i.TIM_OC4PreloadConfig) for TIM_OC4PreloadConfig
    bsp_generaltim.o(i.TIM4_CH_Change) refers to stm32f10x_tim.o(i.TIM_Cmd) for TIM_Cmd
    aoutput.o(i.AA_BACKUP) refers to stm32f10x_gpio.o(i.GPIO_SetBits) for GPIO_SetBits
    aoutput.o(i.AA_BACKUP) refers to stm32f10x_gpio.o(i.GPIO_ResetBits) for GPIO_ResetBits
    aoutput.o(i.AA_GOFORWARD) refers to stm32f10x_gpio.o(i.GPIO_ResetBits) for GPIO_ResetBits
    aoutput.o(i.AA_GOFORWARD) refers to stm32f10x_gpio.o(i.GPIO_SetBits) for GPIO_SetBits
    aoutput.o(i.AA_STOP) refers to stm32f10x_gpio.o(i.GPIO_ResetBits) for GPIO_ResetBits
    aoutput.o(i.AOUTPUT_Config) refers to stm32f10x_rcc.o(i.RCC_APB2PeriphClockCmd) for RCC_APB2PeriphClockCmd
    aoutput.o(i.AOUTPUT_Config) refers to stm32f10x_gpio.o(i.GPIO_Init) for GPIO_Init
    aoutput.o(i.BB_BACKUP) refers to stm32f10x_gpio.o(i.GPIO_SetBits) for GPIO_SetBits
    aoutput.o(i.BB_BACKUP) refers to stm32f10x_gpio.o(i.GPIO_ResetBits) for GPIO_ResetBits
    aoutput.o(i.BB_GOFORWARD) refers to stm32f10x_gpio.o(i.GPIO_ResetBits) for GPIO_ResetBits
    aoutput.o(i.BB_GOFORWARD) refers to stm32f10x_gpio.o(i.GPIO_SetBits) for GPIO_SetBits
    aoutput.o(i.BB_STOP) refers to stm32f10x_gpio.o(i.GPIO_ResetBits) for GPIO_ResetBits
    aoutput.o(i.BUZZER_CLOSE) refers to stm32f10x_gpio.o(i.GPIO_SetBits) for GPIO_SetBits
    aoutput.o(i.BUZZER_OPEN) refers to stm32f10x_gpio.o(i.GPIO_ResetBits) for GPIO_ResetBits
    aoutput.o(i.CC_BACKUP) refers to stm32f10x_gpio.o(i.GPIO_SetBits) for GPIO_SetBits
    aoutput.o(i.CC_BACKUP) refers to stm32f10x_gpio.o(i.GPIO_ResetBits) for GPIO_ResetBits
    aoutput.o(i.CC_GOFORWARD) refers to stm32f10x_gpio.o(i.GPIO_ResetBits) for GPIO_ResetBits
    aoutput.o(i.CC_GOFORWARD) refers to stm32f10x_gpio.o(i.GPIO_SetBits) for GPIO_SetBits
    aoutput.o(i.CC_STOP) refers to stm32f10x_gpio.o(i.GPIO_ResetBits) for GPIO_ResetBits
    aoutput.o(i.DD_BACKUP) refers to stm32f10x_gpio.o(i.GPIO_SetBits) for GPIO_SetBits
    aoutput.o(i.DD_BACKUP) refers to stm32f10x_gpio.o(i.GPIO_ResetBits) for GPIO_ResetBits
    aoutput.o(i.DD_GOFORWARD) refers to stm32f10x_gpio.o(i.GPIO_ResetBits) for GPIO_ResetBits
    aoutput.o(i.DD_GOFORWARD) refers to stm32f10x_gpio.o(i.GPIO_SetBits) for GPIO_SetBits
    aoutput.o(i.DD_STOP) refers to stm32f10x_gpio.o(i.GPIO_ResetBits) for GPIO_ResetBits
    aoutput.o(i.POWER_A24V_CLOSE) refers to stm32f10x_gpio.o(i.GPIO_ResetBits) for GPIO_ResetBits
    aoutput.o(i.POWER_A24V_OPEN) refers to stm32f10x_gpio.o(i.GPIO_SetBits) for GPIO_SetBits
    aoutput.o(i.POWER_B20V_CLOSE) refers to stm32f10x_gpio.o(i.GPIO_ResetBits) for GPIO_ResetBits
    aoutput.o(i.POWER_B20V_OPEN) refers to stm32f10x_gpio.o(i.GPIO_SetBits) for GPIO_SetBits
    aoutput.o(i.POWER_C6V4_CLOSE) refers to stm32f10x_gpio.o(i.GPIO_ResetBits) for GPIO_ResetBits
    aoutput.o(i.POWER_C6V4_OPEN) refers to stm32f10x_gpio.o(i.GPIO_SetBits) for GPIO_SetBits
    entry.o(.ARM.Collect$$$$00000000) refers (Special) to entry10a.o(.ARM.Collect$$$$0000000F) for __rt_final_cpp
    entry.o(.ARM.Collect$$$$00000000) refers (Special) to entry11a.o(.ARM.Collect$$$$00000011) for __rt_final_exit
    entry.o(.ARM.Collect$$$$00000000) refers (Special) to entry12b.o(.ARM.Collect$$$$0000000E) for __rt_lib_shutdown_fini
    entry.o(.ARM.Collect$$$$00000000) refers (Special) to entry7b.o(.ARM.Collect$$$$00000008) for _main_clock
    entry.o(.ARM.Collect$$$$00000000) refers (Special) to entry8b.o(.ARM.Collect$$$$0000000A) for _main_cpp_init
    entry.o(.ARM.Collect$$$$00000000) refers (Special) to entry9a.o(.ARM.Collect$$$$0000000B) for _main_init
    entry.o(.ARM.Collect$$$$00000000) refers (Special) to entry5.o(.ARM.Collect$$$$00000004) for _main_scatterload
    entry.o(.ARM.Collect$$$$00000000) refers (Special) to entry2.o(.ARM.Collect$$$$00000001) for _main_stk
    entry2.o(.ARM.Collect$$$$00000001) refers to entry2.o(.ARM.Collect$$$$00002712) for __lit__00000000
    entry2.o(.ARM.Collect$$$$00002712) refers to startup_stm32f10x_hd.o(STACK) for __initial_sp
    entry2.o(__vectab_stack_and_reset_area) refers to startup_stm32f10x_hd.o(STACK) for __initial_sp
    entry2.o(__vectab_stack_and_reset_area) refers to entry.o(.ARM.Collect$$$$00000000) for __main
    entry5.o(.ARM.Collect$$$$00000004) refers to init.o(.text) for __scatterload
    entry9a.o(.ARM.Collect$$$$0000000B) refers to main.o(i.main) for main
    entry9b.o(.ARM.Collect$$$$0000000C) refers to main.o(i.main) for main
    init.o(.text) refers to entry5.o(.ARM.Collect$$$$00000004) for __main_after_scatterload


==============================================================================

Removing Unused input sections from the image.

    Removing startup_stm32f10x_hd.o(HEAP), (512 bytes).
    Removing core_cm3.o(.emb_text), (32 bytes).
    Removing system_stm32f10x.o(i.SystemCoreClockUpdate), (164 bytes).
    Removing system_stm32f10x.o(.data), (20 bytes).
    Removing misc.o(i.NVIC_Init), (112 bytes).
    Removing misc.o(i.NVIC_PriorityGroupConfig), (20 bytes).
    Removing misc.o(i.NVIC_SetVectorTable), (20 bytes).
    Removing misc.o(i.NVIC_SystemLPConfig), (32 bytes).
    Removing misc.o(i.SysTick_CLKSourceConfig), (40 bytes).
    Removing stm32f10x_adc.o(i.ADC_AnalogWatchdogCmd), (20 bytes).
    Removing stm32f10x_adc.o(i.ADC_AnalogWatchdogSingleChannelConfig), (16 bytes).
    Removing stm32f10x_adc.o(i.ADC_AnalogWatchdogThresholdsConfig), (6 bytes).
    Removing stm32f10x_adc.o(i.ADC_AutoInjectedConvCmd), (22 bytes).
    Removing stm32f10x_adc.o(i.ADC_ClearFlag), (6 bytes).
    Removing stm32f10x_adc.o(i.ADC_ClearITPendingBit), (10 bytes).
    Removing stm32f10x_adc.o(i.ADC_Cmd), (22 bytes).
    Removing stm32f10x_adc.o(i.ADC_DMACmd), (22 bytes).
    Removing stm32f10x_adc.o(i.ADC_DeInit), (92 bytes).
    Removing stm32f10x_adc.o(i.ADC_DiscModeChannelCountConfig), (24 bytes).
    Removing stm32f10x_adc.o(i.ADC_DiscModeCmd), (22 bytes).
    Removing stm32f10x_adc.o(i.ADC_ExternalTrigConvCmd), (22 bytes).
    Removing stm32f10x_adc.o(i.ADC_ExternalTrigInjectedConvCmd), (22 bytes).
    Removing stm32f10x_adc.o(i.ADC_ExternalTrigInjectedConvConfig), (16 bytes).
    Removing stm32f10x_adc.o(i.ADC_GetCalibrationStatus), (20 bytes).
    Removing stm32f10x_adc.o(i.ADC_GetConversionValue), (8 bytes).
    Removing stm32f10x_adc.o(i.ADC_GetDualModeConversionValue), (12 bytes).
    Removing stm32f10x_adc.o(i.ADC_GetFlagStatus), (18 bytes).
    Removing stm32f10x_adc.o(i.ADC_GetITStatus), (36 bytes).
    Removing stm32f10x_adc.o(i.ADC_GetInjectedConversionValue), (28 bytes).
    Removing stm32f10x_adc.o(i.ADC_GetResetCalibrationStatus), (20 bytes).
    Removing stm32f10x_adc.o(i.ADC_GetSoftwareStartConvStatus), (20 bytes).
    Removing stm32f10x_adc.o(i.ADC_GetSoftwareStartInjectedConvCmdStatus), (20 bytes).
    Removing stm32f10x_adc.o(i.ADC_ITConfig), (24 bytes).
    Removing stm32f10x_adc.o(i.ADC_Init), (80 bytes).
    Removing stm32f10x_adc.o(i.ADC_InjectedChannelConfig), (130 bytes).
    Removing stm32f10x_adc.o(i.ADC_InjectedDiscModeCmd), (22 bytes).
    Removing stm32f10x_adc.o(i.ADC_InjectedSequencerLengthConfig), (24 bytes).
    Removing stm32f10x_adc.o(i.ADC_RegularChannelConfig), (184 bytes).
    Removing stm32f10x_adc.o(i.ADC_ResetCalibration), (10 bytes).
    Removing stm32f10x_adc.o(i.ADC_SetInjectedOffset), (20 bytes).
    Removing stm32f10x_adc.o(i.ADC_SoftwareStartConvCmd), (22 bytes).
    Removing stm32f10x_adc.o(i.ADC_SoftwareStartInjectedConvCmd), (22 bytes).
    Removing stm32f10x_adc.o(i.ADC_StartCalibration), (10 bytes).
    Removing stm32f10x_adc.o(i.ADC_StructInit), (18 bytes).
    Removing stm32f10x_adc.o(i.ADC_TempSensorVrefintCmd), (36 bytes).
    Removing stm32f10x_bkp.o(i.BKP_ClearFlag), (20 bytes).
    Removing stm32f10x_bkp.o(i.BKP_ClearITPendingBit), (20 bytes).
    Removing stm32f10x_bkp.o(i.BKP_DeInit), (16 bytes).
    Removing stm32f10x_bkp.o(i.BKP_GetFlagStatus), (12 bytes).
    Removing stm32f10x_bkp.o(i.BKP_GetITStatus), (12 bytes).
    Removing stm32f10x_bkp.o(i.BKP_ITConfig), (12 bytes).
    Removing stm32f10x_bkp.o(i.BKP_RTCOutputConfig), (28 bytes).
    Removing stm32f10x_bkp.o(i.BKP_ReadBackupRegister), (28 bytes).
    Removing stm32f10x_bkp.o(i.BKP_SetRTCCalibrationValue), (28 bytes).
    Removing stm32f10x_bkp.o(i.BKP_TamperPinCmd), (12 bytes).
    Removing stm32f10x_bkp.o(i.BKP_TamperPinLevelConfig), (12 bytes).
    Removing stm32f10x_bkp.o(i.BKP_WriteBackupRegister), (28 bytes).
    Removing stm32f10x_can.o(i.CAN_CancelTransmit), (48 bytes).
    Removing stm32f10x_can.o(i.CAN_ClearFlag), (56 bytes).
    Removing stm32f10x_can.o(i.CAN_ClearITPendingBit), (168 bytes).
    Removing stm32f10x_can.o(i.CAN_DBGFreeze), (22 bytes).
    Removing stm32f10x_can.o(i.CAN_DeInit), (56 bytes).
    Removing stm32f10x_can.o(i.CAN_FIFORelease), (22 bytes).
    Removing stm32f10x_can.o(i.CAN_FilterInit), (264 bytes).
    Removing stm32f10x_can.o(i.CAN_GetFlagStatus), (120 bytes).
    Removing stm32f10x_can.o(i.CAN_GetITStatus), (288 bytes).
    Removing stm32f10x_can.o(i.CAN_GetLSBTransmitErrorCounter), (12 bytes).
    Removing stm32f10x_can.o(i.CAN_GetLastErrorCode), (12 bytes).
    Removing stm32f10x_can.o(i.CAN_GetReceiveErrorCounter), (10 bytes).
    Removing stm32f10x_can.o(i.CAN_ITConfig), (18 bytes).
    Removing stm32f10x_can.o(i.CAN_Init), (276 bytes).
    Removing stm32f10x_can.o(i.CAN_MessagePending), (30 bytes).
    Removing stm32f10x_can.o(i.CAN_OperatingModeRequest), (162 bytes).
    Removing stm32f10x_can.o(i.CAN_Receive), (240 bytes).
    Removing stm32f10x_can.o(i.CAN_SlaveStartBank), (52 bytes).
    Removing stm32f10x_can.o(i.CAN_Sleep), (30 bytes).
    Removing stm32f10x_can.o(i.CAN_StructInit), (32 bytes).
    Removing stm32f10x_can.o(i.CAN_TTComModeCmd), (118 bytes).
    Removing stm32f10x_can.o(i.CAN_Transmit), (294 bytes).
    Removing stm32f10x_can.o(i.CAN_TransmitStatus), (160 bytes).
    Removing stm32f10x_can.o(i.CAN_WakeUp), (48 bytes).
    Removing stm32f10x_can.o(i.CheckITStatus), (18 bytes).
    Removing stm32f10x_cec.o(i.CEC_ClearFlag), (36 bytes).
    Removing stm32f10x_cec.o(i.CEC_ClearITPendingBit), (36 bytes).
    Removing stm32f10x_cec.o(i.CEC_Cmd), (32 bytes).
    Removing stm32f10x_cec.o(i.CEC_DeInit), (22 bytes).
    Removing stm32f10x_cec.o(i.CEC_EndOfMessageCmd), (12 bytes).
    Removing stm32f10x_cec.o(i.CEC_GetFlagStatus), (48 bytes).
    Removing stm32f10x_cec.o(i.CEC_GetITStatus), (40 bytes).
    Removing stm32f10x_cec.o(i.CEC_ITConfig), (12 bytes).
    Removing stm32f10x_cec.o(i.CEC_Init), (32 bytes).
    Removing stm32f10x_cec.o(i.CEC_OwnAddressConfig), (12 bytes).
    Removing stm32f10x_cec.o(i.CEC_ReceiveDataByte), (12 bytes).
    Removing stm32f10x_cec.o(i.CEC_SendDataByte), (12 bytes).
    Removing stm32f10x_cec.o(i.CEC_SetPrescaler), (12 bytes).
    Removing stm32f10x_cec.o(i.CEC_StartOfMessage), (12 bytes).
    Removing stm32f10x_crc.o(i.CRC_CalcBlockCRC), (36 bytes).
    Removing stm32f10x_crc.o(i.CRC_CalcCRC), (16 bytes).
    Removing stm32f10x_crc.o(i.CRC_GetCRC), (12 bytes).
    Removing stm32f10x_crc.o(i.CRC_GetIDRegister), (12 bytes).
    Removing stm32f10x_crc.o(i.CRC_ResetDR), (12 bytes).
    Removing stm32f10x_crc.o(i.CRC_SetIDRegister), (12 bytes).
    Removing stm32f10x_dac.o(i.DAC_Cmd), (40 bytes).
    Removing stm32f10x_dac.o(i.DAC_DMACmd), (44 bytes).
    Removing stm32f10x_dac.o(i.DAC_DeInit), (22 bytes).
    Removing stm32f10x_dac.o(i.DAC_DualSoftwareTriggerCmd), (36 bytes).
    Removing stm32f10x_dac.o(i.DAC_GetDataOutputValue), (36 bytes).
    Removing stm32f10x_dac.o(i.DAC_Init), (52 bytes).
    Removing stm32f10x_dac.o(i.DAC_SetChannel1Data), (32 bytes).
    Removing stm32f10x_dac.o(i.DAC_SetChannel2Data), (32 bytes).
    Removing stm32f10x_dac.o(i.DAC_SetDualChannelData), (36 bytes).
    Removing stm32f10x_dac.o(i.DAC_SoftwareTriggerCmd), (44 bytes).
    Removing stm32f10x_dac.o(i.DAC_StructInit), (12 bytes).
    Removing stm32f10x_dac.o(i.DAC_WaveGenerationCmd), (40 bytes).
    Removing stm32f10x_dbgmcu.o(i.DBGMCU_Config), (32 bytes).
    Removing stm32f10x_dbgmcu.o(i.DBGMCU_GetDEVID), (16 bytes).
    Removing stm32f10x_dbgmcu.o(i.DBGMCU_GetREVID), (12 bytes).
    Removing stm32f10x_dma.o(i.DMA_ClearFlag), (28 bytes).
    Removing stm32f10x_dma.o(i.DMA_ClearITPendingBit), (28 bytes).
    Removing stm32f10x_dma.o(i.DMA_Cmd), (24 bytes).
    Removing stm32f10x_dma.o(i.DMA_DeInit), (332 bytes).
    Removing stm32f10x_dma.o(i.DMA_GetCurrDataCounter), (8 bytes).
    Removing stm32f10x_dma.o(i.DMA_GetFlagStatus), (44 bytes).
    Removing stm32f10x_dma.o(i.DMA_GetITStatus), (44 bytes).
    Removing stm32f10x_dma.o(i.DMA_ITConfig), (18 bytes).
    Removing stm32f10x_dma.o(i.DMA_Init), (60 bytes).
    Removing stm32f10x_dma.o(i.DMA_SetCurrDataCounter), (4 bytes).
    Removing stm32f10x_dma.o(i.DMA_StructInit), (26 bytes).
    Removing stm32f10x_exti.o(i.EXTI_ClearFlag), (12 bytes).
    Removing stm32f10x_exti.o(i.EXTI_ClearITPendingBit), (12 bytes).
    Removing stm32f10x_exti.o(i.EXTI_DeInit), (36 bytes).
    Removing stm32f10x_exti.o(i.EXTI_GenerateSWInterrupt), (16 bytes).
    Removing stm32f10x_exti.o(i.EXTI_GetFlagStatus), (24 bytes).
    Removing stm32f10x_exti.o(i.EXTI_GetITStatus), (40 bytes).
    Removing stm32f10x_exti.o(i.EXTI_Init), (148 bytes).
    Removing stm32f10x_exti.o(i.EXTI_StructInit), (16 bytes).
    Removing stm32f10x_flash.o(i.FLASH_ClearFlag), (12 bytes).
    Removing stm32f10x_flash.o(i.FLASH_EnableWriteProtection), (196 bytes).
    Removing stm32f10x_flash.o(i.FLASH_EraseAllBank1Pages), (72 bytes).
    Removing stm32f10x_flash.o(i.FLASH_EraseAllPages), (72 bytes).
    Removing stm32f10x_flash.o(i.FLASH_EraseOptionBytes), (168 bytes).
    Removing stm32f10x_flash.o(i.FLASH_ErasePage), (76 bytes).
    Removing stm32f10x_flash.o(i.FLASH_GetBank1Status), (52 bytes).
    Removing stm32f10x_flash.o(i.FLASH_GetFlagStatus), (48 bytes).
    Removing stm32f10x_flash.o(i.FLASH_GetPrefetchBufferStatus), (24 bytes).
    Removing stm32f10x_flash.o(i.FLASH_GetReadOutProtectionStatus), (24 bytes).
    Removing stm32f10x_flash.o(i.FLASH_GetStatus), (52 bytes).
    Removing stm32f10x_flash.o(i.FLASH_GetUserOptionByte), (12 bytes).
    Removing stm32f10x_flash.o(i.FLASH_GetWriteProtectionOptionByte), (12 bytes).
    Removing stm32f10x_flash.o(i.FLASH_HalfCycleAccessCmd), (28 bytes).
    Removing stm32f10x_flash.o(i.FLASH_ITConfig), (32 bytes).
    Removing stm32f10x_flash.o(i.FLASH_Lock), (20 bytes).
    Removing stm32f10x_flash.o(i.FLASH_LockBank1), (20 bytes).
    Removing stm32f10x_flash.o(i.FLASH_PrefetchBufferCmd), (28 bytes).
    Removing stm32f10x_flash.o(i.FLASH_ProgramHalfWord), (64 bytes).
    Removing stm32f10x_flash.o(i.FLASH_ProgramOptionByteData), (84 bytes).
    Removing stm32f10x_flash.o(i.FLASH_ProgramWord), (108 bytes).
    Removing stm32f10x_flash.o(i.FLASH_ReadOutProtection), (172 bytes).
    Removing stm32f10x_flash.o(i.FLASH_SetLatency), (24 bytes).
    Removing stm32f10x_flash.o(i.FLASH_Unlock), (24 bytes).
    Removing stm32f10x_flash.o(i.FLASH_UnlockBank1), (24 bytes).
    Removing stm32f10x_flash.o(i.FLASH_UserOptionByteConfig), (104 bytes).
    Removing stm32f10x_flash.o(i.FLASH_WaitForLastBank1Operation), (38 bytes).
    Removing stm32f10x_flash.o(i.FLASH_WaitForLastOperation), (38 bytes).
    Removing stm32f10x_fsmc.o(i.FSMC_ClearFlag), (64 bytes).
    Removing stm32f10x_fsmc.o(i.FSMC_ClearITPendingBit), (72 bytes).
    Removing stm32f10x_fsmc.o(i.FSMC_GetECC), (28 bytes).
    Removing stm32f10x_fsmc.o(i.FSMC_GetFlagStatus), (56 bytes).
    Removing stm32f10x_fsmc.o(i.FSMC_GetITStatus), (68 bytes).
    Removing stm32f10x_fsmc.o(i.FSMC_ITConfig), (128 bytes).
    Removing stm32f10x_fsmc.o(i.FSMC_NANDCmd), (92 bytes).
    Removing stm32f10x_fsmc.o(i.FSMC_NANDDeInit), (68 bytes).
    Removing stm32f10x_fsmc.o(i.FSMC_NANDECCCmd), (92 bytes).
    Removing stm32f10x_fsmc.o(i.FSMC_NANDInit), (136 bytes).
    Removing stm32f10x_fsmc.o(i.FSMC_NANDStructInit), (54 bytes).
    Removing stm32f10x_fsmc.o(i.FSMC_NORSRAMCmd), (52 bytes).
    Removing stm32f10x_fsmc.o(i.FSMC_NORSRAMDeInit), (54 bytes).
    Removing stm32f10x_fsmc.o(i.FSMC_NORSRAMInit), (230 bytes).
    Removing stm32f10x_fsmc.o(i.FSMC_NORSRAMStructInit), (114 bytes).
    Removing stm32f10x_fsmc.o(i.FSMC_PCCARDCmd), (48 bytes).
    Removing stm32f10x_fsmc.o(i.FSMC_PCCARDDeInit), (40 bytes).
    Removing stm32f10x_fsmc.o(i.FSMC_PCCARDInit), (132 bytes).
    Removing stm32f10x_fsmc.o(i.FSMC_PCCARDStructInit), (60 bytes).
    Removing stm32f10x_gpio.o(i.GPIO_AFIODeInit), (20 bytes).
    Removing stm32f10x_gpio.o(i.GPIO_DeInit), (200 bytes).
    Removing stm32f10x_gpio.o(i.GPIO_ETH_MediaInterfaceConfig), (12 bytes).
    Removing stm32f10x_gpio.o(i.GPIO_EXTILineConfig), (64 bytes).
    Removing stm32f10x_gpio.o(i.GPIO_EventOutputCmd), (12 bytes).
    Removing stm32f10x_gpio.o(i.GPIO_EventOutputConfig), (32 bytes).
    Removing stm32f10x_gpio.o(i.GPIO_PinLockConfig), (18 bytes).
    Removing stm32f10x_gpio.o(i.GPIO_PinRemapConfig), (144 bytes).
    Removing stm32f10x_gpio.o(i.GPIO_ReadInputData), (8 bytes).
    Removing stm32f10x_gpio.o(i.GPIO_ReadInputDataBit), (18 bytes).
    Removing stm32f10x_gpio.o(i.GPIO_ReadOutputData), (8 bytes).
    Removing stm32f10x_gpio.o(i.GPIO_ReadOutputDataBit), (18 bytes).
    Removing stm32f10x_gpio.o(i.GPIO_StructInit), (16 bytes).
    Removing stm32f10x_gpio.o(i.GPIO_Write), (4 bytes).
    Removing stm32f10x_gpio.o(i.GPIO_WriteBit), (10 bytes).
    Removing stm32f10x_i2c.o(i.I2C_ARPCmd), (24 bytes).
    Removing stm32f10x_i2c.o(i.I2C_AcknowledgeConfig), (24 bytes).
    Removing stm32f10x_i2c.o(i.I2C_CalculatePEC), (24 bytes).
    Removing stm32f10x_i2c.o(i.I2C_CheckEvent), (42 bytes).
    Removing stm32f10x_i2c.o(i.I2C_ClearFlag), (12 bytes).
    Removing stm32f10x_i2c.o(i.I2C_ClearITPendingBit), (12 bytes).
    Removing stm32f10x_i2c.o(i.I2C_Cmd), (24 bytes).
    Removing stm32f10x_i2c.o(i.I2C_DMACmd), (24 bytes).
    Removing stm32f10x_i2c.o(i.I2C_DMALastTransferCmd), (24 bytes).
    Removing stm32f10x_i2c.o(i.I2C_DeInit), (56 bytes).
    Removing stm32f10x_i2c.o(i.I2C_DualAddressCmd), (24 bytes).
    Removing stm32f10x_i2c.o(i.I2C_FastModeDutyCycleConfig), (28 bytes).
    Removing stm32f10x_i2c.o(i.I2C_GeneralCallCmd), (24 bytes).
    Removing stm32f10x_i2c.o(i.I2C_GenerateSTART), (24 bytes).
    Removing stm32f10x_i2c.o(i.I2C_GenerateSTOP), (24 bytes).
    Removing stm32f10x_i2c.o(i.I2C_GetFlagStatus), (58 bytes).
    Removing stm32f10x_i2c.o(i.I2C_GetITStatus), (38 bytes).
    Removing stm32f10x_i2c.o(i.I2C_GetLastEvent), (26 bytes).
    Removing stm32f10x_i2c.o(i.I2C_GetPEC), (8 bytes).
    Removing stm32f10x_i2c.o(i.I2C_ITConfig), (18 bytes).
    Removing stm32f10x_i2c.o(i.I2C_Init), (236 bytes).
    Removing stm32f10x_i2c.o(i.I2C_NACKPositionConfig), (28 bytes).
    Removing stm32f10x_i2c.o(i.I2C_OwnAddress2Config), (22 bytes).
    Removing stm32f10x_i2c.o(i.I2C_PECPositionConfig), (28 bytes).
    Removing stm32f10x_i2c.o(i.I2C_ReadRegister), (22 bytes).
    Removing stm32f10x_i2c.o(i.I2C_ReceiveData), (8 bytes).
    Removing stm32f10x_i2c.o(i.I2C_SMBusAlertConfig), (28 bytes).
    Removing stm32f10x_i2c.o(i.I2C_Send7bitAddress), (18 bytes).
    Removing stm32f10x_i2c.o(i.I2C_SendData), (4 bytes).
    Removing stm32f10x_i2c.o(i.I2C_SoftwareResetCmd), (22 bytes).
    Removing stm32f10x_i2c.o(i.I2C_StretchClockCmd), (24 bytes).
    Removing stm32f10x_i2c.o(i.I2C_StructInit), (30 bytes).
    Removing stm32f10x_i2c.o(i.I2C_TransmitPEC), (24 bytes).
    Removing stm32f10x_iwdg.o(i.IWDG_Enable), (16 bytes).
    Removing stm32f10x_iwdg.o(i.IWDG_GetFlagStatus), (24 bytes).
    Removing stm32f10x_iwdg.o(i.IWDG_ReloadCounter), (16 bytes).
    Removing stm32f10x_iwdg.o(i.IWDG_SetPrescaler), (12 bytes).
    Removing stm32f10x_iwdg.o(i.IWDG_SetReload), (12 bytes).
    Removing stm32f10x_iwdg.o(i.IWDG_WriteAccessCmd), (12 bytes).
    Removing stm32f10x_pwr.o(i.PWR_BackupAccessCmd), (12 bytes).
    Removing stm32f10x_pwr.o(i.PWR_ClearFlag), (20 bytes).
    Removing stm32f10x_pwr.o(i.PWR_DeInit), (22 bytes).
    Removing stm32f10x_pwr.o(i.PWR_EnterSTANDBYMode), (52 bytes).
    Removing stm32f10x_pwr.o(i.PWR_EnterSTOPMode), (64 bytes).
    Removing stm32f10x_pwr.o(i.PWR_GetFlagStatus), (24 bytes).
    Removing stm32f10x_pwr.o(i.PWR_PVDCmd), (12 bytes).
    Removing stm32f10x_pwr.o(i.PWR_PVDLevelConfig), (24 bytes).
    Removing stm32f10x_pwr.o(i.PWR_WakeUpPinCmd), (12 bytes).
    Removing stm32f10x_rcc.o(i.RCC_ADCCLKConfig), (24 bytes).
    Removing stm32f10x_rcc.o(i.RCC_AHBPeriphClockCmd), (32 bytes).
    Removing stm32f10x_rcc.o(i.RCC_APB1PeriphResetCmd), (32 bytes).
    Removing stm32f10x_rcc.o(i.RCC_APB2PeriphResetCmd), (32 bytes).
    Removing stm32f10x_rcc.o(i.RCC_AdjustHSICalibrationValue), (24 bytes).
    Removing stm32f10x_rcc.o(i.RCC_BackupResetCmd), (12 bytes).
    Removing stm32f10x_rcc.o(i.RCC_ClearFlag), (20 bytes).
    Removing stm32f10x_rcc.o(i.RCC_ClearITPendingBit), (12 bytes).
    Removing stm32f10x_rcc.o(i.RCC_ClockSecuritySystemCmd), (12 bytes).
    Removing stm32f10x_rcc.o(i.RCC_DeInit), (76 bytes).
    Removing stm32f10x_rcc.o(i.RCC_GetClocksFreq), (212 bytes).
    Removing stm32f10x_rcc.o(i.RCC_GetFlagStatus), (60 bytes).
    Removing stm32f10x_rcc.o(i.RCC_GetITStatus), (24 bytes).
    Removing stm32f10x_rcc.o(i.RCC_GetSYSCLKSource), (16 bytes).
    Removing stm32f10x_rcc.o(i.RCC_HCLKConfig), (24 bytes).
    Removing stm32f10x_rcc.o(i.RCC_HSEConfig), (76 bytes).
    Removing stm32f10x_rcc.o(i.RCC_HSICmd), (12 bytes).
    Removing stm32f10x_rcc.o(i.RCC_ITConfig), (32 bytes).
    Removing stm32f10x_rcc.o(i.RCC_LSEConfig), (52 bytes).
    Removing stm32f10x_rcc.o(i.RCC_LSICmd), (12 bytes).
    Removing stm32f10x_rcc.o(i.RCC_MCOConfig), (12 bytes).
    Removing stm32f10x_rcc.o(i.RCC_PCLK1Config), (24 bytes).
    Removing stm32f10x_rcc.o(i.RCC_PCLK2Config), (24 bytes).
    Removing stm32f10x_rcc.o(i.RCC_PLLCmd), (12 bytes).
    Removing stm32f10x_rcc.o(i.RCC_PLLConfig), (28 bytes).
    Removing stm32f10x_rcc.o(i.RCC_RTCCLKCmd), (12 bytes).
    Removing stm32f10x_rcc.o(i.RCC_RTCCLKConfig), (16 bytes).
    Removing stm32f10x_rcc.o(i.RCC_SYSCLKConfig), (24 bytes).
    Removing stm32f10x_rcc.o(i.RCC_USBCLKConfig), (12 bytes).
    Removing stm32f10x_rcc.o(i.RCC_WaitForHSEStartUp), (56 bytes).
    Removing stm32f10x_rcc.o(.data), (20 bytes).
    Removing stm32f10x_rtc.o(i.RTC_ClearFlag), (16 bytes).
    Removing stm32f10x_rtc.o(i.RTC_ClearITPendingBit), (16 bytes).
    Removing stm32f10x_rtc.o(i.RTC_EnterConfigMode), (20 bytes).
    Removing stm32f10x_rtc.o(i.RTC_ExitConfigMode), (20 bytes).
    Removing stm32f10x_rtc.o(i.RTC_GetCounter), (20 bytes).
    Removing stm32f10x_rtc.o(i.RTC_GetDivider), (24 bytes).
    Removing stm32f10x_rtc.o(i.RTC_GetFlagStatus), (24 bytes).
    Removing stm32f10x_rtc.o(i.RTC_GetITStatus), (36 bytes).
    Removing stm32f10x_rtc.o(i.RTC_ITConfig), (32 bytes).
    Removing stm32f10x_rtc.o(i.RTC_SetAlarm), (28 bytes).
    Removing stm32f10x_rtc.o(i.RTC_SetCounter), (28 bytes).
    Removing stm32f10x_rtc.o(i.RTC_SetPrescaler), (32 bytes).
    Removing stm32f10x_rtc.o(i.RTC_WaitForLastTask), (20 bytes).
    Removing stm32f10x_rtc.o(i.RTC_WaitForSynchro), (36 bytes).
    Removing stm32f10x_sdio.o(i.SDIO_CEATAITCmd), (16 bytes).
    Removing stm32f10x_sdio.o(i.SDIO_ClearFlag), (12 bytes).
    Removing stm32f10x_sdio.o(i.SDIO_ClearITPendingBit), (12 bytes).
    Removing stm32f10x_sdio.o(i.SDIO_ClockCmd), (12 bytes).
    Removing stm32f10x_sdio.o(i.SDIO_CmdStructInit), (14 bytes).
    Removing stm32f10x_sdio.o(i.SDIO_CommandCompletionCmd), (12 bytes).
    Removing stm32f10x_sdio.o(i.SDIO_DMACmd), (12 bytes).
    Removing stm32f10x_sdio.o(i.SDIO_DataConfig), (48 bytes).
    Removing stm32f10x_sdio.o(i.SDIO_DataStructInit), (20 bytes).
    Removing stm32f10x_sdio.o(i.SDIO_DeInit), (36 bytes).
    Removing stm32f10x_sdio.o(i.SDIO_GetCommandResponse), (12 bytes).
    Removing stm32f10x_sdio.o(i.SDIO_GetDataCounter), (12 bytes).
    Removing stm32f10x_sdio.o(i.SDIO_GetFIFOCount), (12 bytes).
    Removing stm32f10x_sdio.o(i.SDIO_GetFlagStatus), (24 bytes).
    Removing stm32f10x_sdio.o(i.SDIO_GetITStatus), (24 bytes).
    Removing stm32f10x_sdio.o(i.SDIO_GetPowerState), (16 bytes).
    Removing stm32f10x_sdio.o(i.SDIO_GetResponse), (24 bytes).
    Removing stm32f10x_sdio.o(i.SDIO_ITConfig), (32 bytes).
    Removing stm32f10x_sdio.o(i.SDIO_Init), (48 bytes).
    Removing stm32f10x_sdio.o(i.SDIO_ReadData), (12 bytes).
    Removing stm32f10x_sdio.o(i.SDIO_SendCEATACmd), (12 bytes).
    Removing stm32f10x_sdio.o(i.SDIO_SendCommand), (44 bytes).
    Removing stm32f10x_sdio.o(i.SDIO_SendSDIOSuspendCmd), (12 bytes).
    Removing stm32f10x_sdio.o(i.SDIO_SetPowerState), (28 bytes).
    Removing stm32f10x_sdio.o(i.SDIO_SetSDIOOperation), (12 bytes).
    Removing stm32f10x_sdio.o(i.SDIO_SetSDIOReadWaitMode), (12 bytes).
    Removing stm32f10x_sdio.o(i.SDIO_StartSDIOReadWait), (12 bytes).
    Removing stm32f10x_sdio.o(i.SDIO_StopSDIOReadWait), (12 bytes).
    Removing stm32f10x_sdio.o(i.SDIO_StructInit), (16 bytes).
    Removing stm32f10x_sdio.o(i.SDIO_WriteData), (12 bytes).
    Removing stm32f10x_spi.o(i.I2S_Cmd), (24 bytes).
    Removing stm32f10x_spi.o(i.I2S_Init), (232 bytes).
    Removing stm32f10x_spi.o(i.I2S_StructInit), (20 bytes).
    Removing stm32f10x_spi.o(i.SPI_BiDirectionalLineConfig), (28 bytes).
    Removing stm32f10x_spi.o(i.SPI_CalculateCRC), (24 bytes).
    Removing stm32f10x_spi.o(i.SPI_Cmd), (24 bytes).
    Removing stm32f10x_spi.o(i.SPI_DataSizeConfig), (18 bytes).
    Removing stm32f10x_spi.o(i.SPI_GetCRC), (16 bytes).
    Removing stm32f10x_spi.o(i.SPI_GetCRCPolynomial), (6 bytes).
    Removing stm32f10x_spi.o(i.SPI_I2S_ClearFlag), (6 bytes).
    Removing stm32f10x_spi.o(i.SPI_I2S_ClearITPendingBit), (20 bytes).
    Removing stm32f10x_spi.o(i.SPI_I2S_DMACmd), (18 bytes).
    Removing stm32f10x_spi.o(i.SPI_I2S_DeInit), (88 bytes).
    Removing stm32f10x_spi.o(i.SPI_I2S_GetFlagStatus), (18 bytes).
    Removing stm32f10x_spi.o(i.SPI_I2S_GetITStatus), (52 bytes).
    Removing stm32f10x_spi.o(i.SPI_I2S_ITConfig), (32 bytes).
    Removing stm32f10x_spi.o(i.SPI_I2S_ReceiveData), (6 bytes).
    Removing stm32f10x_spi.o(i.SPI_I2S_SendData), (4 bytes).
    Removing stm32f10x_spi.o(i.SPI_Init), (60 bytes).
    Removing stm32f10x_spi.o(i.SPI_NSSInternalSoftwareConfig), (30 bytes).
    Removing stm32f10x_spi.o(i.SPI_SSOutputCmd), (24 bytes).
    Removing stm32f10x_spi.o(i.SPI_StructInit), (24 bytes).
    Removing stm32f10x_spi.o(i.SPI_TransmitCRC), (10 bytes).
    Removing stm32f10x_tim.o(i.TI1_Config), (128 bytes).
    Removing stm32f10x_tim.o(i.TI2_Config), (152 bytes).
    Removing stm32f10x_tim.o(i.TI3_Config), (144 bytes).
    Removing stm32f10x_tim.o(i.TI4_Config), (152 bytes).
    Removing stm32f10x_tim.o(i.TIM_ARRPreloadConfig), (24 bytes).
    Removing stm32f10x_tim.o(i.TIM_BDTRConfig), (32 bytes).
    Removing stm32f10x_tim.o(i.TIM_BDTRStructInit), (18 bytes).
    Removing stm32f10x_tim.o(i.TIM_CCPreloadControl), (24 bytes).
    Removing stm32f10x_tim.o(i.TIM_CCxCmd), (30 bytes).
    Removing stm32f10x_tim.o(i.TIM_CCxNCmd), (30 bytes).
    Removing stm32f10x_tim.o(i.TIM_ClearFlag), (6 bytes).
    Removing stm32f10x_tim.o(i.TIM_ClearITPendingBit), (6 bytes).
    Removing stm32f10x_tim.o(i.TIM_ClearOC1Ref), (18 bytes).
    Removing stm32f10x_tim.o(i.TIM_ClearOC2Ref), (24 bytes).
    Removing stm32f10x_tim.o(i.TIM_ClearOC3Ref), (18 bytes).
    Removing stm32f10x_tim.o(i.TIM_ClearOC4Ref), (24 bytes).
    Removing stm32f10x_tim.o(i.TIM_CounterModeConfig), (18 bytes).
    Removing stm32f10x_tim.o(i.TIM_CtrlPWMOutputs), (30 bytes).
    Removing stm32f10x_tim.o(i.TIM_DMACmd), (18 bytes).
    Removing stm32f10x_tim.o(i.TIM_DMAConfig), (10 bytes).
    Removing stm32f10x_tim.o(i.TIM_DeInit), (488 bytes).
    Removing stm32f10x_tim.o(i.TIM_ETRClockMode1Config), (54 bytes).
    Removing stm32f10x_tim.o(i.TIM_ETRClockMode2Config), (32 bytes).
    Removing stm32f10x_tim.o(i.TIM_ETRConfig), (28 bytes).
    Removing stm32f10x_tim.o(i.TIM_EncoderInterfaceConfig), (66 bytes).
    Removing stm32f10x_tim.o(i.TIM_ForcedOC1Config), (18 bytes).
    Removing stm32f10x_tim.o(i.TIM_ForcedOC2Config), (26 bytes).
    Removing stm32f10x_tim.o(i.TIM_ForcedOC3Config), (18 bytes).
    Removing stm32f10x_tim.o(i.TIM_ForcedOC4Config), (26 bytes).
    Removing stm32f10x_tim.o(i.TIM_GenerateEvent), (4 bytes).
    Removing stm32f10x_tim.o(i.TIM_GetCapture1), (6 bytes).
    Removing stm32f10x_tim.o(i.TIM_GetCapture2), (6 bytes).
    Removing stm32f10x_tim.o(i.TIM_GetCapture3), (6 bytes).
    Removing stm32f10x_tim.o(i.TIM_GetCapture4), (8 bytes).
    Removing stm32f10x_tim.o(i.TIM_GetCounter), (6 bytes).
    Removing stm32f10x_tim.o(i.TIM_GetFlagStatus), (18 bytes).
    Removing stm32f10x_tim.o(i.TIM_GetITStatus), (34 bytes).
    Removing stm32f10x_tim.o(i.TIM_GetPrescaler), (6 bytes).
    Removing stm32f10x_tim.o(i.TIM_ICInit), (172 bytes).
    Removing stm32f10x_tim.o(i.TIM_ICStructInit), (18 bytes).
    Removing stm32f10x_tim.o(i.TIM_ITConfig), (18 bytes).
    Removing stm32f10x_tim.o(i.TIM_ITRxExternalClockConfig), (24 bytes).
    Removing stm32f10x_tim.o(i.TIM_InternalClockConfig), (12 bytes).
    Removing stm32f10x_tim.o(i.TIM_OC1FastConfig), (18 bytes).
    Removing stm32f10x_tim.o(i.TIM_OC1NPolarityConfig), (18 bytes).
    Removing stm32f10x_tim.o(i.TIM_OC1PolarityConfig), (18 bytes).
    Removing stm32f10x_tim.o(i.TIM_OC2FastConfig), (26 bytes).
    Removing stm32f10x_tim.o(i.TIM_OC2NPolarityConfig), (26 bytes).
    Removing stm32f10x_tim.o(i.TIM_OC2PolarityConfig), (26 bytes).
    Removing stm32f10x_tim.o(i.TIM_OC3FastConfig), (18 bytes).
    Removing stm32f10x_tim.o(i.TIM_OC3NPolarityConfig), (26 bytes).
    Removing stm32f10x_tim.o(i.TIM_OC3PolarityConfig), (26 bytes).
    Removing stm32f10x_tim.o(i.TIM_OC4FastConfig), (26 bytes).
    Removing stm32f10x_tim.o(i.TIM_OC4PolarityConfig), (26 bytes).
    Removing stm32f10x_tim.o(i.TIM_OCStructInit), (20 bytes).
    Removing stm32f10x_tim.o(i.TIM_PWMIConfig), (124 bytes).
    Removing stm32f10x_tim.o(i.TIM_PrescalerConfig), (6 bytes).
    Removing stm32f10x_tim.o(i.TIM_SelectCCDMA), (24 bytes).
    Removing stm32f10x_tim.o(i.TIM_SelectCOM), (24 bytes).
    Removing stm32f10x_tim.o(i.TIM_SelectHallSensor), (24 bytes).
    Removing stm32f10x_tim.o(i.TIM_SelectInputTrigger), (18 bytes).
    Removing stm32f10x_tim.o(i.TIM_SelectMasterSlaveMode), (18 bytes).
    Removing stm32f10x_tim.o(i.TIM_SelectOCxM), (82 bytes).
    Removing stm32f10x_tim.o(i.TIM_SelectOnePulseMode), (18 bytes).
    Removing stm32f10x_tim.o(i.TIM_SelectOutputTrigger), (18 bytes).
    Removing stm32f10x_tim.o(i.TIM_SelectSlaveMode), (18 bytes).
    Removing stm32f10x_tim.o(i.TIM_SetAutoreload), (4 bytes).
    Removing stm32f10x_tim.o(i.TIM_SetClockDivision), (18 bytes).
    Removing stm32f10x_tim.o(i.TIM_SetCompare1), (4 bytes).
    Removing stm32f10x_tim.o(i.TIM_SetCompare2), (4 bytes).
    Removing stm32f10x_tim.o(i.TIM_SetCompare3), (4 bytes).
    Removing stm32f10x_tim.o(i.TIM_SetCompare4), (6 bytes).
    Removing stm32f10x_tim.o(i.TIM_SetCounter), (4 bytes).
    Removing stm32f10x_tim.o(i.TIM_SetIC1Prescaler), (18 bytes).
    Removing stm32f10x_tim.o(i.TIM_SetIC2Prescaler), (26 bytes).
    Removing stm32f10x_tim.o(i.TIM_SetIC3Prescaler), (18 bytes).
    Removing stm32f10x_tim.o(i.TIM_SetIC4Prescaler), (26 bytes).
    Removing stm32f10x_tim.o(i.TIM_TIxExternalClockConfig), (62 bytes).
    Removing stm32f10x_tim.o(i.TIM_TimeBaseStructInit), (18 bytes).
    Removing stm32f10x_tim.o(i.TIM_UpdateDisableConfig), (24 bytes).
    Removing stm32f10x_tim.o(i.TIM_UpdateRequestConfig), (24 bytes).
    Removing stm32f10x_usart.o(i.USART_ClearFlag), (18 bytes).
    Removing stm32f10x_usart.o(i.USART_ClearITPendingBit), (30 bytes).
    Removing stm32f10x_usart.o(i.USART_ClockInit), (34 bytes).
    Removing stm32f10x_usart.o(i.USART_ClockStructInit), (12 bytes).
    Removing stm32f10x_usart.o(i.USART_Cmd), (24 bytes).
    Removing stm32f10x_usart.o(i.USART_DMACmd), (18 bytes).
    Removing stm32f10x_usart.o(i.USART_DeInit), (156 bytes).
    Removing stm32f10x_usart.o(i.USART_GetFlagStatus), (26 bytes).
    Removing stm32f10x_usart.o(i.USART_GetITStatus), (84 bytes).
    Removing stm32f10x_usart.o(i.USART_HalfDuplexCmd), (24 bytes).
    Removing stm32f10x_usart.o(i.USART_ITConfig), (74 bytes).
    Removing stm32f10x_usart.o(i.USART_Init), (216 bytes).
    Removing stm32f10x_usart.o(i.USART_IrDACmd), (24 bytes).
    Removing stm32f10x_usart.o(i.USART_IrDAConfig), (18 bytes).
    Removing stm32f10x_usart.o(i.USART_LINBreakDetectLengthConfig), (18 bytes).
    Removing stm32f10x_usart.o(i.USART_LINCmd), (24 bytes).
    Removing stm32f10x_usart.o(i.USART_OneBitMethodCmd), (24 bytes).
    Removing stm32f10x_usart.o(i.USART_OverSampling8Cmd), (22 bytes).
    Removing stm32f10x_usart.o(i.USART_ReceiveData), (10 bytes).
    Removing stm32f10x_usart.o(i.USART_ReceiverWakeUpCmd), (24 bytes).
    Removing stm32f10x_usart.o(i.USART_SendBreak), (10 bytes).
    Removing stm32f10x_usart.o(i.USART_SendData), (8 bytes).
    Removing stm32f10x_usart.o(i.USART_SetAddress), (18 bytes).
    Removing stm32f10x_usart.o(i.USART_SetGuardTime), (16 bytes).
    Removing stm32f10x_usart.o(i.USART_SetPrescaler), (16 bytes).
    Removing stm32f10x_usart.o(i.USART_SmartCardCmd), (24 bytes).
    Removing stm32f10x_usart.o(i.USART_SmartCardNACKCmd), (24 bytes).
    Removing stm32f10x_usart.o(i.USART_StructInit), (24 bytes).
    Removing stm32f10x_usart.o(i.USART_WakeUpConfig), (18 bytes).
    Removing stm32f10x_wwdg.o(i.WWDG_ClearFlag), (12 bytes).
    Removing stm32f10x_wwdg.o(i.WWDG_DeInit), (22 bytes).
    Removing stm32f10x_wwdg.o(i.WWDG_Enable), (16 bytes).
    Removing stm32f10x_wwdg.o(i.WWDG_EnableIT), (12 bytes).
    Removing stm32f10x_wwdg.o(i.WWDG_GetFlagStatus), (12 bytes).
    Removing stm32f10x_wwdg.o(i.WWDG_SetCounter), (16 bytes).
    Removing stm32f10x_wwdg.o(i.WWDG_SetPrescaler), (24 bytes).
    Removing stm32f10x_wwdg.o(i.WWDG_SetWindowValue), (40 bytes).
    Removing main.o(i.Delay), (12 bytes).

463 unused section(s) (total 18710 bytes) removed from the image.

==============================================================================

Image Symbol Table

    Local Symbols

    Symbol Name                              Value     Ov Type        Size  Object(Section)

    ../clib/microlib/init/entry.s            0x00000000   Number         0  entry10a.o ABSOLUTE
    ../clib/microlib/init/entry.s            0x00000000   Number         0  entry10b.o ABSOLUTE
    ../clib/microlib/init/entry.s            0x00000000   Number         0  entry12b.o ABSOLUTE
    ../clib/microlib/init/entry.s            0x00000000   Number         0  entry11a.o ABSOLUTE
    ../clib/microlib/init/entry.s            0x00000000   Number         0  entry12a.o ABSOLUTE
    ../clib/microlib/init/entry.s            0x00000000   Number         0  entry2.o ABSOLUTE
    ../clib/microlib/init/entry.s            0x00000000   Number         0  entry8b.o ABSOLUTE
    ../clib/microlib/init/entry.s            0x00000000   Number         0  entry11b.o ABSOLUTE
    ../clib/microlib/init/entry.s            0x00000000   Number         0  entry.o ABSOLUTE
    ../clib/microlib/init/entry.s            0x00000000   Number         0  entry7b.o ABSOLUTE
    ../clib/microlib/init/entry.s            0x00000000   Number         0  entry9a.o ABSOLUTE
    ../clib/microlib/init/entry.s            0x00000000   Number         0  entry8a.o ABSOLUTE
    ../clib/microlib/init/entry.s            0x00000000   Number         0  entry7a.o ABSOLUTE
    ../clib/microlib/init/entry.s            0x00000000   Number         0  entry5.o ABSOLUTE
    ../clib/microlib/init/entry.s            0x00000000   Number         0  entry9b.o ABSOLUTE
    ..\Libraries\CMSIS\core_cm3.c            0x00000000   Number         0  core_cm3.o ABSOLUTE
    ..\Libraries\CMSIS\startup\startup_stm32f10x_hd.s 0x00000000   Number         0  startup_stm32f10x_hd.o ABSOLUTE
    ..\Libraries\CMSIS\system_stm32f10x.c    0x00000000   Number         0  system_stm32f10x.o ABSOLUTE
    ..\Libraries\STM32F10x_StdPeriph_Driver\src\misc.c 0x00000000   Number         0  misc.o ABSOLUTE
    ..\Libraries\STM32F10x_StdPeriph_Driver\src\stm32f10x_adc.c 0x00000000   Number         0  stm32f10x_adc.o ABSOLUTE
    ..\Libraries\STM32F10x_StdPeriph_Driver\src\stm32f10x_bkp.c 0x00000000   Number         0  stm32f10x_bkp.o ABSOLUTE
    ..\Libraries\STM32F10x_StdPeriph_Driver\src\stm32f10x_can.c 0x00000000   Number         0  stm32f10x_can.o ABSOLUTE
    ..\Libraries\STM32F10x_StdPeriph_Driver\src\stm32f10x_cec.c 0x00000000   Number         0  stm32f10x_cec.o ABSOLUTE
    ..\Libraries\STM32F10x_StdPeriph_Driver\src\stm32f10x_crc.c 0x00000000   Number         0  stm32f10x_crc.o ABSOLUTE
    ..\Libraries\STM32F10x_StdPeriph_Driver\src\stm32f10x_dac.c 0x00000000   Number         0  stm32f10x_dac.o ABSOLUTE
    ..\Libraries\STM32F10x_StdPeriph_Driver\src\stm32f10x_dbgmcu.c 0x00000000   Number         0  stm32f10x_dbgmcu.o ABSOLUTE
    ..\Libraries\STM32F10x_StdPeriph_Driver\src\stm32f10x_dma.c 0x00000000   Number         0  stm32f10x_dma.o ABSOLUTE
    ..\Libraries\STM32F10x_StdPeriph_Driver\src\stm32f10x_exti.c 0x00000000   Number         0  stm32f10x_exti.o ABSOLUTE
    ..\Libraries\STM32F10x_StdPeriph_Driver\src\stm32f10x_flash.c 0x00000000   Number         0  stm32f10x_flash.o ABSOLUTE
    ..\Libraries\STM32F10x_StdPeriph_Driver\src\stm32f10x_fsmc.c 0x00000000   Number         0  stm32f10x_fsmc.o ABSOLUTE
    ..\Libraries\STM32F10x_StdPeriph_Driver\src\stm32f10x_gpio.c 0x00000000   Number         0  stm32f10x_gpio.o ABSOLUTE
    ..\Libraries\STM32F10x_StdPeriph_Driver\src\stm32f10x_i2c.c 0x00000000   Number         0  stm32f10x_i2c.o ABSOLUTE
    ..\Libraries\STM32F10x_StdPeriph_Driver\src\stm32f10x_iwdg.c 0x00000000   Number         0  stm32f10x_iwdg.o ABSOLUTE
    ..\Libraries\STM32F10x_StdPeriph_Driver\src\stm32f10x_pwr.c 0x00000000   Number         0  stm32f10x_pwr.o ABSOLUTE
    ..\Libraries\STM32F10x_StdPeriph_Driver\src\stm32f10x_rcc.c 0x00000000   Number         0  stm32f10x_rcc.o ABSOLUTE
    ..\Libraries\STM32F10x_StdPeriph_Driver\src\stm32f10x_rtc.c 0x00000000   Number         0  stm32f10x_rtc.o ABSOLUTE
    ..\Libraries\STM32F10x_StdPeriph_Driver\src\stm32f10x_sdio.c 0x00000000   Number         0  stm32f10x_sdio.o ABSOLUTE
    ..\Libraries\STM32F10x_StdPeriph_Driver\src\stm32f10x_spi.c 0x00000000   Number         0  stm32f10x_spi.o ABSOLUTE
    ..\Libraries\STM32F10x_StdPeriph_Driver\src\stm32f10x_tim.c 0x00000000   Number         0  stm32f10x_tim.o ABSOLUTE
    ..\Libraries\STM32F10x_StdPeriph_Driver\src\stm32f10x_usart.c 0x00000000   Number         0  stm32f10x_usart.o ABSOLUTE
    ..\Libraries\STM32F10x_StdPeriph_Driver\src\stm32f10x_wwdg.c 0x00000000   Number         0  stm32f10x_wwdg.o ABSOLUTE
    ..\User\GeneralTim\bsp_GeneralTim.c      0x00000000   Number         0  bsp_generaltim.o ABSOLUTE
    ..\User\aoutput\aoutput.c                0x00000000   Number         0  aoutput.o ABSOLUTE
    ..\User\buzzer\buzzer.c                  0x00000000   Number         0  buzzer.o ABSOLUTE
    ..\User\main.c                           0x00000000   Number         0  main.o ABSOLUTE
    ..\User\stm32f10x_it.c                   0x00000000   Number         0  stm32f10x_it.o ABSOLUTE
    ..\\Libraries\\CMSIS\\core_cm3.c         0x00000000   Number         0  core_cm3.o ABSOLUTE
    dc.s                                     0x00000000   Number         0  dc.o ABSOLUTE
    handlers.s                               0x00000000   Number         0  handlers.o ABSOLUTE
    init.s                                   0x00000000   Number         0  init.o ABSOLUTE
    RESET                                    0x08000000   Section      304  startup_stm32f10x_hd.o(RESET)
    .ARM.Collect$$$$00000000                 0x08000130   Section        0  entry.o(.ARM.Collect$$$$00000000)
    .ARM.Collect$$$$00000001                 0x08000130   Section        4  entry2.o(.ARM.Collect$$$$00000001)
    .ARM.Collect$$$$00000004                 0x08000134   Section        4  entry5.o(.ARM.Collect$$$$00000004)
    .ARM.Collect$$$$00000008                 0x08000138   Section        0  entry7b.o(.ARM.Collect$$$$00000008)
    .ARM.Collect$$$$0000000A                 0x08000138   Section        0  entry8b.o(.ARM.Collect$$$$0000000A)
    .ARM.Collect$$$$0000000B                 0x08000138   Section        8  entry9a.o(.ARM.Collect$$$$0000000B)
    .ARM.Collect$$$$0000000E                 0x08000140   Section        4  entry12b.o(.ARM.Collect$$$$0000000E)
    .ARM.Collect$$$$0000000F                 0x08000144   Section        0  entry10a.o(.ARM.Collect$$$$0000000F)
    .ARM.Collect$$$$00000011                 0x08000144   Section        0  entry11a.o(.ARM.Collect$$$$00000011)
    .ARM.Collect$$$$00002712                 0x08000144   Section        4  entry2.o(.ARM.Collect$$$$00002712)
    __lit__00000000                          0x08000144   Data           4  entry2.o(.ARM.Collect$$$$00002712)
    .text                                    0x08000148   Section       36  startup_stm32f10x_hd.o(.text)
    .text                                    0x0800016c   Section       36  init.o(.text)
    i.AA_BACKUP                              0x08000190   Section        0  aoutput.o(i.AA_BACKUP)
    i.AA_GOFORWARD                           0x080001ac   Section        0  aoutput.o(i.AA_GOFORWARD)
    i.AA_STOP                                0x080001c8   Section        0  aoutput.o(i.AA_STOP)
    i.AOUTPUT_Config                         0x080001e4   Section        0  aoutput.o(i.AOUTPUT_Config)
    i.ArmB_CTL                               0x08000318   Section        0  main.o(i.ArmB_CTL)
    i.ArmC_CTL                               0x08000336   Section        0  main.o(i.ArmC_CTL)
    i.ArmD_CTL                               0x08000354   Section        0  main.o(i.ArmD_CTL)
    i.BB_BACKUP                              0x08000374   Section        0  aoutput.o(i.BB_BACKUP)
    i.BB_GOFORWARD                           0x08000390   Section        0  aoutput.o(i.BB_GOFORWARD)
    i.BB_STOP                                0x080003ac   Section        0  aoutput.o(i.BB_STOP)
    i.BUZZER_CLOSE                           0x080003c8   Section        0  aoutput.o(i.BUZZER_CLOSE)
    i.BUZZER_OPEN                            0x080003dc   Section        0  aoutput.o(i.BUZZER_OPEN)
    i.BusFault_Handler                       0x080003f0   Section        0  stm32f10x_it.o(i.BusFault_Handler)
    i.CAR_BACK                               0x080003f4   Section        0  main.o(i.CAR_BACK)
    i.CAR_BLEFT                              0x08000432   Section        0  main.o(i.CAR_BLEFT)
    i.CAR_BRIGHT                             0x0800046c   Section        0  main.o(i.CAR_BRIGHT)
    i.CAR_FLEFT                              0x080004a6   Section        0  main.o(i.CAR_FLEFT)
    i.CAR_FORWARD                            0x080004dc   Section        0  main.o(i.CAR_FORWARD)
    i.CAR_FRIGHT                             0x08000512   Section        0  main.o(i.CAR_FRIGHT)
    i.CAR_STOP                               0x08000548   Section        0  main.o(i.CAR_STOP)
    i.CC_BACKUP                              0x08000564   Section        0  aoutput.o(i.CC_BACKUP)
    i.CC_GOFORWARD                           0x08000580   Section        0  aoutput.o(i.CC_GOFORWARD)
    i.CC_STOP                                0x0800059c   Section        0  aoutput.o(i.CC_STOP)
    i.ClawA_CLOSE                            0x080005b8   Section        0  main.o(i.ClawA_CLOSE)
    i.ClawA_CTL                              0x080005c2   Section        0  main.o(i.ClawA_CTL)
    i.ClawA_OPEN                             0x080005e0   Section        0  main.o(i.ClawA_OPEN)
    i.DD_BACKUP                              0x080005ec   Section        0  aoutput.o(i.DD_BACKUP)
    i.DD_GOFORWARD                           0x08000608   Section        0  aoutput.o(i.DD_GOFORWARD)
    i.DD_STOP                                0x08000624   Section        0  aoutput.o(i.DD_STOP)
    i.DebugMon_Handler                       0x08000640   Section        0  stm32f10x_it.o(i.DebugMon_Handler)
    i.Delay_1s                               0x08000642   Section        0  main.o(i.Delay_1s)
    i.Delayms                                0x0800064e   Section        0  main.o(i.Delayms)
    i.GENERAL_TIM2_GPIO_Config               0x08000670   Section        0  bsp_generaltim.o(i.GENERAL_TIM2_GPIO_Config)
    i.GENERAL_TIM2_Mode_Config               0x08000700   Section        0  bsp_generaltim.o(i.GENERAL_TIM2_Mode_Config)
    i.GENERAL_TIM3_GPIO_Config               0x08000730   Section        0  bsp_generaltim.o(i.GENERAL_TIM3_GPIO_Config)
    i.GENERAL_TIM3_Mode_Config               0x080007c4   Section        0  bsp_generaltim.o(i.GENERAL_TIM3_Mode_Config)
    i.GENERAL_TIM4_GPIO_Config               0x080007f8   Section        0  bsp_generaltim.o(i.GENERAL_TIM4_GPIO_Config)
    i.GENERAL_TIM4_Mode_Config               0x0800088c   Section        0  bsp_generaltim.o(i.GENERAL_TIM4_Mode_Config)
    i.GENERAL_TIM_INIT                       0x080008c0   Section        0  main.o(i.GENERAL_TIM_INIT)
    i.GPIO_INIT                              0x080008dc   Section        0  main.o(i.GPIO_INIT)
    i.GPIO_Init                              0x080008e4   Section        0  stm32f10x_gpio.o(i.GPIO_Init)
    i.GPIO_ResetBits                         0x080009fa   Section        0  stm32f10x_gpio.o(i.GPIO_ResetBits)
    i.GPIO_SetBits                           0x080009fe   Section        0  stm32f10x_gpio.o(i.GPIO_SetBits)
    i.HardFault_Handler                      0x08000a02   Section        0  stm32f10x_it.o(i.HardFault_Handler)
    i.Init_Arm                               0x08000a06   Section        0  main.o(i.Init_Arm)
    i.MemManage_Handler                      0x08000a30   Section        0  stm32f10x_it.o(i.MemManage_Handler)
    i.NMI_Handler                            0x08000a34   Section        0  stm32f10x_it.o(i.NMI_Handler)
    i.POWER_A24V_CLOSE                       0x08000a38   Section        0  aoutput.o(i.POWER_A24V_CLOSE)
    i.POWER_A24V_OPEN                        0x08000a48   Section        0  aoutput.o(i.POWER_A24V_OPEN)
    i.POWER_B20V_CLOSE                       0x08000a58   Section        0  aoutput.o(i.POWER_B20V_CLOSE)
    i.POWER_B20V_OPEN                        0x08000a68   Section        0  aoutput.o(i.POWER_B20V_OPEN)
    i.POWER_C6V4_CLOSE                       0x08000a78   Section        0  aoutput.o(i.POWER_C6V4_CLOSE)
    i.POWER_C6V4_OPEN                        0x08000a8c   Section        0  aoutput.o(i.POWER_C6V4_OPEN)
    i.POWER_CLOSE                            0x08000aa0   Section        0  main.o(i.POWER_CLOSE)
    i.POWER_OPEN                             0x08000ad4   Section        0  main.o(i.POWER_OPEN)
    i.PendSV_Handler                         0x08000af8   Section        0  stm32f10x_it.o(i.PendSV_Handler)
    i.RCC_APB1PeriphClockCmd                 0x08000afc   Section        0  stm32f10x_rcc.o(i.RCC_APB1PeriphClockCmd)
    i.RCC_APB2PeriphClockCmd                 0x08000b1c   Section        0  stm32f10x_rcc.o(i.RCC_APB2PeriphClockCmd)
    i.RotaE_CTL                              0x08000b3c   Section        0  main.o(i.RotaE_CTL)
    i.SVC_Handler                            0x08000b5a   Section        0  stm32f10x_it.o(i.SVC_Handler)
    i.SetSysClock                            0x08000b5c   Section        0  system_stm32f10x.o(i.SetSysClock)
    SetSysClock                              0x08000b5d   Thumb Code     8  system_stm32f10x.o(i.SetSysClock)
    i.SetSysClockTo72                        0x08000b64   Section        0  system_stm32f10x.o(i.SetSysClockTo72)
    SetSysClockTo72                          0x08000b65   Thumb Code   214  system_stm32f10x.o(i.SetSysClockTo72)
    i.SysTick_Handler                        0x08000c44   Section        0  stm32f10x_it.o(i.SysTick_Handler)
    i.SystemInit                             0x08000c48   Section        0  system_stm32f10x.o(i.SystemInit)
    i.TIM2_CH_Change                         0x08000ca8   Section        0  bsp_generaltim.o(i.TIM2_CH_Change)
    i.TIM3_CH_Change                         0x08000d38   Section        0  bsp_generaltim.o(i.TIM3_CH_Change)
    i.TIM4_CH_Change                         0x08000dc4   Section        0  bsp_generaltim.o(i.TIM4_CH_Change)
    i.TIM_Cmd                                0x08000e50   Section        0  stm32f10x_tim.o(i.TIM_Cmd)
    i.TIM_OC1Init                            0x08000e68   Section        0  stm32f10x_tim.o(i.TIM_OC1Init)
    i.TIM_OC1PreloadConfig                   0x08000f00   Section        0  stm32f10x_tim.o(i.TIM_OC1PreloadConfig)
    i.TIM_OC2Init                            0x08000f14   Section        0  stm32f10x_tim.o(i.TIM_OC2Init)
    i.TIM_OC2PreloadConfig                   0x08000fb8   Section        0  stm32f10x_tim.o(i.TIM_OC2PreloadConfig)
    i.TIM_OC3Init                            0x08000fd4   Section        0  stm32f10x_tim.o(i.TIM_OC3Init)
    i.TIM_OC3PreloadConfig                   0x08001074   Section        0  stm32f10x_tim.o(i.TIM_OC3PreloadConfig)
    i.TIM_OC4Init                            0x08001088   Section        0  stm32f10x_tim.o(i.TIM_OC4Init)
    i.TIM_OC4PreloadConfig                   0x08001104   Section        0  stm32f10x_tim.o(i.TIM_OC4PreloadConfig)
    i.TIM_TimeBaseInit                       0x08001120   Section        0  stm32f10x_tim.o(i.TIM_TimeBaseInit)
    i.UsageFault_Handler                     0x080011c4   Section        0  stm32f10x_it.o(i.UsageFault_Handler)
    i.WheelA_Direction                       0x080011c8   Section        0  main.o(i.WheelA_Direction)
    i.WheelA_Speed                           0x080011f0   Section        0  main.o(i.WheelA_Speed)
    i.WheelB_Direction                       0x08001206   Section        0  main.o(i.WheelB_Direction)
    i.WheelB_Speed                           0x0800122e   Section        0  main.o(i.WheelB_Speed)
    i.WheelC_Direction                       0x08001244   Section        0  main.o(i.WheelC_Direction)
    i.WheelC_Speed                           0x0800126c   Section        0  main.o(i.WheelC_Speed)
    i.WheelD_Direction                       0x08001282   Section        0  main.o(i.WheelD_Direction)
    i.WheelD_Speed                           0x080012aa   Section        0  main.o(i.WheelD_Speed)
    i.__scatterload_copy                     0x080012c0   Section       14  handlers.o(i.__scatterload_copy)
    i.__scatterload_null                     0x080012ce   Section        2  handlers.o(i.__scatterload_null)
    i.__scatterload_zeroinit                 0x080012d0   Section       14  handlers.o(i.__scatterload_zeroinit)
    i.main                                   0x080012de   Section        0  main.o(i.main)
    STACK                                    0x20000000   Section     1024  startup_stm32f10x_hd.o(STACK)

    Global Symbols

    Symbol Name                              Value     Ov Type        Size  Object(Section)

    BuildAttributes$$THM_ISAv4$P$D$K$B$S$PE$A:L22UL41UL21$X:L11$S22US41US21$IEEE1$IW$USESV6$~STKCKD$USESV7$~SHL$OSPACE$EBA8$MICROLIB$REQ8$PRES8$EABIv2 0x00000000   Number         0  anon$$obj.o ABSOLUTE
    __ARM_use_no_argv                        0x00000000   Number         0  main.o ABSOLUTE
    __arm_fini_                               - Undefined Weak Reference
    __cpp_initialize__aeabi_                  - Undefined Weak Reference
    __cxa_finalize                            - Undefined Weak Reference
    __decompress                              - Undefined Weak Reference
    _clock_init                               - Undefined Weak Reference
    _microlib_exit                            - Undefined Weak Reference
    __Vectors_Size                           0x00000130   Number         0  startup_stm32f10x_hd.o ABSOLUTE
    __Vectors                                0x08000000   Data           4  startup_stm32f10x_hd.o(RESET)
    __Vectors_End                            0x08000130   Data           0  startup_stm32f10x_hd.o(RESET)
    __main                                   0x08000131   Thumb Code     0  entry.o(.ARM.Collect$$$$00000000)
    _main_stk                                0x08000131   Thumb Code     0  entry2.o(.ARM.Collect$$$$00000001)
    _main_scatterload                        0x08000135   Thumb Code     0  entry5.o(.ARM.Collect$$$$00000004)
    __main_after_scatterload                 0x08000139   Thumb Code     0  entry5.o(.ARM.Collect$$$$00000004)
    _main_clock                              0x08000139   Thumb Code     0  entry7b.o(.ARM.Collect$$$$00000008)
    _main_cpp_init                           0x08000139   Thumb Code     0  entry8b.o(.ARM.Collect$$$$0000000A)
    _main_init                               0x08000139   Thumb Code     0  entry9a.o(.ARM.Collect$$$$0000000B)
    __rt_lib_shutdown_fini                   0x08000141   Thumb Code     0  entry12b.o(.ARM.Collect$$$$0000000E)
    __rt_final_cpp                           0x08000145   Thumb Code     0  entry10a.o(.ARM.Collect$$$$0000000F)
    __rt_final_exit                          0x08000145   Thumb Code     0  entry11a.o(.ARM.Collect$$$$00000011)
    Reset_Handler                            0x08000149   Thumb Code     8  startup_stm32f10x_hd.o(.text)
    ADC1_2_IRQHandler                        0x08000163   Thumb Code     0  startup_stm32f10x_hd.o(.text)
    ADC3_IRQHandler                          0x08000163   Thumb Code     0  startup_stm32f10x_hd.o(.text)
    CAN1_RX1_IRQHandler                      0x08000163   Thumb Code     0  startup_stm32f10x_hd.o(.text)
    CAN1_SCE_IRQHandler                      0x08000163   Thumb Code     0  startup_stm32f10x_hd.o(.text)
    DMA1_Channel1_IRQHandler                 0x08000163   Thumb Code     0  startup_stm32f10x_hd.o(.text)
    DMA1_Channel2_IRQHandler                 0x08000163   Thumb Code     0  startup_stm32f10x_hd.o(.text)
    DMA1_Channel3_IRQHandler                 0x08000163   Thumb Code     0  startup_stm32f10x_hd.o(.text)
    DMA1_Channel4_IRQHandler                 0x08000163   Thumb Code     0  startup_stm32f10x_hd.o(.text)
    DMA1_Channel5_IRQHandler                 0x08000163   Thumb Code     0  startup_stm32f10x_hd.o(.text)
    DMA1_Channel6_IRQHandler                 0x08000163   Thumb Code     0  startup_stm32f10x_hd.o(.text)
    DMA1_Channel7_IRQHandler                 0x08000163   Thumb Code     0  startup_stm32f10x_hd.o(.text)
    DMA2_Channel1_IRQHandler                 0x08000163   Thumb Code     0  startup_stm32f10x_hd.o(.text)
    DMA2_Channel2_IRQHandler                 0x08000163   Thumb Code     0  startup_stm32f10x_hd.o(.text)
    DMA2_Channel3_IRQHandler                 0x08000163   Thumb Code     0  startup_stm32f10x_hd.o(.text)
    DMA2_Channel4_5_IRQHandler               0x08000163   Thumb Code     0  startup_stm32f10x_hd.o(.text)
    EXTI0_IRQHandler                         0x08000163   Thumb Code     0  startup_stm32f10x_hd.o(.text)
    EXTI15_10_IRQHandler                     0x08000163   Thumb Code     0  startup_stm32f10x_hd.o(.text)
    EXTI1_IRQHandler                         0x08000163   Thumb Code     0  startup_stm32f10x_hd.o(.text)
    EXTI2_IRQHandler                         0x08000163   Thumb Code     0  startup_stm32f10x_hd.o(.text)
    EXTI3_IRQHandler                         0x08000163   Thumb Code     0  startup_stm32f10x_hd.o(.text)
    EXTI4_IRQHandler                         0x08000163   Thumb Code     0  startup_stm32f10x_hd.o(.text)
    EXTI9_5_IRQHandler                       0x08000163   Thumb Code     0  startup_stm32f10x_hd.o(.text)
    FLASH_IRQHandler                         0x08000163   Thumb Code     0  startup_stm32f10x_hd.o(.text)
    FSMC_IRQHandler                          0x08000163   Thumb Code     0  startup_stm32f10x_hd.o(.text)
    I2C1_ER_IRQHandler                       0x08000163   Thumb Code     0  startup_stm32f10x_hd.o(.text)
    I2C1_EV_IRQHandler                       0x08000163   Thumb Code     0  startup_stm32f10x_hd.o(.text)
    I2C2_ER_IRQHandler                       0x08000163   Thumb Code     0  startup_stm32f10x_hd.o(.text)
    I2C2_EV_IRQHandler                       0x08000163   Thumb Code     0  startup_stm32f10x_hd.o(.text)
    PVD_IRQHandler                           0x08000163   Thumb Code     0  startup_stm32f10x_hd.o(.text)
    RCC_IRQHandler                           0x08000163   Thumb Code     0  startup_stm32f10x_hd.o(.text)
    RTCAlarm_IRQHandler                      0x08000163   Thumb Code     0  startup_stm32f10x_hd.o(.text)
    RTC_IRQHandler                           0x08000163   Thumb Code     0  startup_stm32f10x_hd.o(.text)
    SDIO_IRQHandler                          0x08000163   Thumb Code     0  startup_stm32f10x_hd.o(.text)
    SPI1_IRQHandler                          0x08000163   Thumb Code     0  startup_stm32f10x_hd.o(.text)
    SPI2_IRQHandler                          0x08000163   Thumb Code     0  startup_stm32f10x_hd.o(.text)
    SPI3_IRQHandler                          0x08000163   Thumb Code     0  startup_stm32f10x_hd.o(.text)
    TAMPER_IRQHandler                        0x08000163   Thumb Code     0  startup_stm32f10x_hd.o(.text)
    TIM1_BRK_IRQHandler                      0x08000163   Thumb Code     0  startup_stm32f10x_hd.o(.text)
    TIM1_CC_IRQHandler                       0x08000163   Thumb Code     0  startup_stm32f10x_hd.o(.text)
    TIM1_TRG_COM_IRQHandler                  0x08000163   Thumb Code     0  startup_stm32f10x_hd.o(.text)
    TIM1_UP_IRQHandler                       0x08000163   Thumb Code     0  startup_stm32f10x_hd.o(.text)
    TIM2_IRQHandler                          0x08000163   Thumb Code     0  startup_stm32f10x_hd.o(.text)
    TIM3_IRQHandler                          0x08000163   Thumb Code     0  startup_stm32f10x_hd.o(.text)
    TIM4_IRQHandler                          0x08000163   Thumb Code     0  startup_stm32f10x_hd.o(.text)
    TIM5_IRQHandler                          0x08000163   Thumb Code     0  startup_stm32f10x_hd.o(.text)
    TIM6_IRQHandler                          0x08000163   Thumb Code     0  startup_stm32f10x_hd.o(.text)
    TIM7_IRQHandler                          0x08000163   Thumb Code     0  startup_stm32f10x_hd.o(.text)
    TIM8_BRK_IRQHandler                      0x08000163   Thumb Code     0  startup_stm32f10x_hd.o(.text)
    TIM8_CC_IRQHandler                       0x08000163   Thumb Code     0  startup_stm32f10x_hd.o(.text)
    TIM8_TRG_COM_IRQHandler                  0x08000163   Thumb Code     0  startup_stm32f10x_hd.o(.text)
    TIM8_UP_IRQHandler                       0x08000163   Thumb Code     0  startup_stm32f10x_hd.o(.text)
    UART4_IRQHandler                         0x08000163   Thumb Code     0  startup_stm32f10x_hd.o(.text)
    UART5_IRQHandler                         0x08000163   Thumb Code     0  startup_stm32f10x_hd.o(.text)
    USART1_IRQHandler                        0x08000163   Thumb Code     0  startup_stm32f10x_hd.o(.text)
    USART2_IRQHandler                        0x08000163   Thumb Code     0  startup_stm32f10x_hd.o(.text)
    USART3_IRQHandler                        0x08000163   Thumb Code     0  startup_stm32f10x_hd.o(.text)
    USBWakeUp_IRQHandler                     0x08000163   Thumb Code     0  startup_stm32f10x_hd.o(.text)
    USB_HP_CAN1_TX_IRQHandler                0x08000163   Thumb Code     0  startup_stm32f10x_hd.o(.text)
    USB_LP_CAN1_RX0_IRQHandler               0x08000163   Thumb Code     0  startup_stm32f10x_hd.o(.text)
    WWDG_IRQHandler                          0x08000163   Thumb Code     0  startup_stm32f10x_hd.o(.text)
    __scatterload                            0x0800016d   Thumb Code    28  init.o(.text)
    __scatterload_rt2                        0x0800016d   Thumb Code     0  init.o(.text)
    AA_BACKUP                                0x08000191   Thumb Code    24  aoutput.o(i.AA_BACKUP)
    AA_GOFORWARD                             0x080001ad   Thumb Code    24  aoutput.o(i.AA_GOFORWARD)
    AA_STOP                                  0x080001c9   Thumb Code    24  aoutput.o(i.AA_STOP)
    AOUTPUT_Config                           0x080001e5   Thumb Code   300  aoutput.o(i.AOUTPUT_Config)
    ArmB_CTL                                 0x08000319   Thumb Code    30  main.o(i.ArmB_CTL)
    ArmC_CTL                                 0x08000337   Thumb Code    30  main.o(i.ArmC_CTL)
    ArmD_CTL                                 0x08000355   Thumb Code    30  main.o(i.ArmD_CTL)
    BB_BACKUP                                0x08000375   Thumb Code    24  aoutput.o(i.BB_BACKUP)
    BB_GOFORWARD                             0x08000391   Thumb Code    24  aoutput.o(i.BB_GOFORWARD)
    BB_STOP                                  0x080003ad   Thumb Code    24  aoutput.o(i.BB_STOP)
    BUZZER_CLOSE                             0x080003c9   Thumb Code    14  aoutput.o(i.BUZZER_CLOSE)
    BUZZER_OPEN                              0x080003dd   Thumb Code    14  aoutput.o(i.BUZZER_OPEN)
    BusFault_Handler                         0x080003f1   Thumb Code     4  stm32f10x_it.o(i.BusFault_Handler)
    CAR_BACK                                 0x080003f5   Thumb Code    62  main.o(i.CAR_BACK)
    CAR_BLEFT                                0x08000433   Thumb Code    58  main.o(i.CAR_BLEFT)
    CAR_BRIGHT                               0x0800046d   Thumb Code    58  main.o(i.CAR_BRIGHT)
    CAR_FLEFT                                0x080004a7   Thumb Code    54  main.o(i.CAR_FLEFT)
    CAR_FORWARD                              0x080004dd   Thumb Code    54  main.o(i.CAR_FORWARD)
    CAR_FRIGHT                               0x08000513   Thumb Code    54  main.o(i.CAR_FRIGHT)
    CAR_STOP                                 0x08000549   Thumb Code    28  main.o(i.CAR_STOP)
    CC_BACKUP                                0x08000565   Thumb Code    24  aoutput.o(i.CC_BACKUP)
    CC_GOFORWARD                             0x08000581   Thumb Code    24  aoutput.o(i.CC_GOFORWARD)
    CC_STOP                                  0x0800059d   Thumb Code    24  aoutput.o(i.CC_STOP)
    ClawA_CLOSE                              0x080005b9   Thumb Code    10  main.o(i.ClawA_CLOSE)
    ClawA_CTL                                0x080005c3   Thumb Code    30  main.o(i.ClawA_CTL)
    ClawA_OPEN                               0x080005e1   Thumb Code    10  main.o(i.ClawA_OPEN)
    DD_BACKUP                                0x080005ed   Thumb Code    24  aoutput.o(i.DD_BACKUP)
    DD_GOFORWARD                             0x08000609   Thumb Code    24  aoutput.o(i.DD_GOFORWARD)
    DD_STOP                                  0x08000625   Thumb Code    24  aoutput.o(i.DD_STOP)
    DebugMon_Handler                         0x08000641   Thumb Code     2  stm32f10x_it.o(i.DebugMon_Handler)
    Delay_1s                                 0x08000643   Thumb Code    12  main.o(i.Delay_1s)
    Delayms                                  0x0800064f   Thumb Code    34  main.o(i.Delayms)
    GENERAL_TIM2_GPIO_Config                 0x08000671   Thumb Code   140  bsp_generaltim.o(i.GENERAL_TIM2_GPIO_Config)
    GENERAL_TIM2_Mode_Config                 0x08000701   Thumb Code    48  bsp_generaltim.o(i.GENERAL_TIM2_Mode_Config)
    GENERAL_TIM3_GPIO_Config                 0x08000731   Thumb Code   140  bsp_generaltim.o(i.GENERAL_TIM3_GPIO_Config)
    GENERAL_TIM3_Mode_Config                 0x080007c5   Thumb Code    48  bsp_generaltim.o(i.GENERAL_TIM3_Mode_Config)
    GENERAL_TIM4_GPIO_Config                 0x080007f9   Thumb Code   144  bsp_generaltim.o(i.GENERAL_TIM4_GPIO_Config)
    GENERAL_TIM4_Mode_Config                 0x0800088d   Thumb Code    48  bsp_generaltim.o(i.GENERAL_TIM4_Mode_Config)
    GENERAL_TIM_INIT                         0x080008c1   Thumb Code    28  main.o(i.GENERAL_TIM_INIT)
    GPIO_INIT                                0x080008dd   Thumb Code     8  main.o(i.GPIO_INIT)
    GPIO_Init                                0x080008e5   Thumb Code   278  stm32f10x_gpio.o(i.GPIO_Init)
    GPIO_ResetBits                           0x080009fb   Thumb Code     4  stm32f10x_gpio.o(i.GPIO_ResetBits)
    GPIO_SetBits                             0x080009ff   Thumb Code     4  stm32f10x_gpio.o(i.GPIO_SetBits)
    HardFault_Handler                        0x08000a03   Thumb Code     4  stm32f10x_it.o(i.HardFault_Handler)
    Init_Arm                                 0x08000a07   Thumb Code    42  main.o(i.Init_Arm)
    MemManage_Handler                        0x08000a31   Thumb Code     4  stm32f10x_it.o(i.MemManage_Handler)
    NMI_Handler                              0x08000a35   Thumb Code     2  stm32f10x_it.o(i.NMI_Handler)
    POWER_A24V_CLOSE                         0x08000a39   Thumb Code    12  aoutput.o(i.POWER_A24V_CLOSE)
    POWER_A24V_OPEN                          0x08000a49   Thumb Code    12  aoutput.o(i.POWER_A24V_OPEN)
    POWER_B20V_CLOSE                         0x08000a59   Thumb Code    12  aoutput.o(i.POWER_B20V_CLOSE)
    POWER_B20V_OPEN                          0x08000a69   Thumb Code    12  aoutput.o(i.POWER_B20V_OPEN)
    POWER_C6V4_CLOSE                         0x08000a79   Thumb Code    14  aoutput.o(i.POWER_C6V4_CLOSE)
    POWER_C6V4_OPEN                          0x08000a8d   Thumb Code    14  aoutput.o(i.POWER_C6V4_OPEN)
    POWER_CLOSE                              0x08000aa1   Thumb Code    52  main.o(i.POWER_CLOSE)
    POWER_OPEN                               0x08000ad5   Thumb Code    36  main.o(i.POWER_OPEN)
    PendSV_Handler                           0x08000af9   Thumb Code     2  stm32f10x_it.o(i.PendSV_Handler)
    RCC_APB1PeriphClockCmd                   0x08000afd   Thumb Code    26  stm32f10x_rcc.o(i.RCC_APB1PeriphClockCmd)
    RCC_APB2PeriphClockCmd                   0x08000b1d   Thumb Code    26  stm32f10x_rcc.o(i.RCC_APB2PeriphClockCmd)
    RotaE_CTL                                0x08000b3d   Thumb Code    30  main.o(i.RotaE_CTL)
    SVC_Handler                              0x08000b5b   Thumb Code     2  stm32f10x_it.o(i.SVC_Handler)
    SysTick_Handler                          0x08000c45   Thumb Code     2  stm32f10x_it.o(i.SysTick_Handler)
    SystemInit                               0x08000c49   Thumb Code    78  system_stm32f10x.o(i.SystemInit)
    TIM2_CH_Change                           0x08000ca9   Thumb Code   144  bsp_generaltim.o(i.TIM2_CH_Change)
    TIM3_CH_Change                           0x08000d39   Thumb Code   136  bsp_generaltim.o(i.TIM3_CH_Change)
    TIM4_CH_Change                           0x08000dc5   Thumb Code   136  bsp_generaltim.o(i.TIM4_CH_Change)
    TIM_Cmd                                  0x08000e51   Thumb Code    24  stm32f10x_tim.o(i.TIM_Cmd)
    TIM_OC1Init                              0x08000e69   Thumb Code   132  stm32f10x_tim.o(i.TIM_OC1Init)
    TIM_OC1PreloadConfig                     0x08000f01   Thumb Code    18  stm32f10x_tim.o(i.TIM_OC1PreloadConfig)
    TIM_OC2Init                              0x08000f15   Thumb Code   154  stm32f10x_tim.o(i.TIM_OC2Init)
    TIM_OC2PreloadConfig                     0x08000fb9   Thumb Code    26  stm32f10x_tim.o(i.TIM_OC2PreloadConfig)
    TIM_OC3Init                              0x08000fd5   Thumb Code   150  stm32f10x_tim.o(i.TIM_OC3Init)
    TIM_OC3PreloadConfig                     0x08001075   Thumb Code    18  stm32f10x_tim.o(i.TIM_OC3PreloadConfig)
    TIM_OC4Init                              0x08001089   Thumb Code   114  stm32f10x_tim.o(i.TIM_OC4Init)
    TIM_OC4PreloadConfig                     0x08001105   Thumb Code    26  stm32f10x_tim.o(i.TIM_OC4PreloadConfig)
    TIM_TimeBaseInit                         0x08001121   Thumb Code   122  stm32f10x_tim.o(i.TIM_TimeBaseInit)
    UsageFault_Handler                       0x080011c5   Thumb Code     4  stm32f10x_it.o(i.UsageFault_Handler)
    WheelA_Direction                         0x080011c9   Thumb Code    40  main.o(i.WheelA_Direction)
    WheelA_Speed                             0x080011f1   Thumb Code    22  main.o(i.WheelA_Speed)
    WheelB_Direction                         0x08001207   Thumb Code    40  main.o(i.WheelB_Direction)
    WheelB_Speed                             0x0800122f   Thumb Code    22  main.o(i.WheelB_Speed)
    WheelC_Direction                         0x08001245   Thumb Code    40  main.o(i.WheelC_Direction)
    WheelC_Speed                             0x0800126d   Thumb Code    22  main.o(i.WheelC_Speed)
    WheelD_Direction                         0x08001283   Thumb Code    40  main.o(i.WheelD_Direction)
    WheelD_Speed                             0x080012ab   Thumb Code    22  main.o(i.WheelD_Speed)
    __scatterload_copy                       0x080012c1   Thumb Code    14  handlers.o(i.__scatterload_copy)
    __scatterload_null                       0x080012cf   Thumb Code     2  handlers.o(i.__scatterload_null)
    __scatterload_zeroinit                   0x080012d1   Thumb Code    14  handlers.o(i.__scatterload_zeroinit)
    main                                     0x080012df   Thumb Code   576  main.o(i.main)
    Region$$Table$$Base                      0x08001520   Number         0  anon$$obj.o(Region$$Table)
    Region$$Table$$Limit                     0x08001530   Number         0  anon$$obj.o(Region$$Table)
    __initial_sp                             0x20000400   Data           0  startup_stm32f10x_hd.o(STACK)



==============================================================================

Memory Map of the image

  Image Entry point : 0x08000131

  Load Region LR_IROM1 (Base: 0x08000000, Size: 0x00001530, Max: 0x00080000, ABSOLUTE)

    Execution Region ER_IROM1 (Exec base: 0x08000000, Load base: 0x08000000, Size: 0x00001530, Max: 0x00080000, ABSOLUTE)

    Exec Addr    Load Addr    Size         Type   Attr      Idx    E Section Name        Object

    0x08000000   0x08000000   0x00000130   Data   RO            3    RESET               startup_stm32f10x_hd.o
    0x08000130   0x08000130   0x00000000   Code   RO         3570  * .ARM.Collect$$$$00000000  mc_w.l(entry.o)
    0x08000130   0x08000130   0x00000004   Code   RO         3573    .ARM.Collect$$$$00000001  mc_w.l(entry2.o)
    0x08000134   0x08000134   0x00000004   Code   RO         3576    .ARM.Collect$$$$00000004  mc_w.l(entry5.o)
    0x08000138   0x08000138   0x00000000   Code   RO         3578    .ARM.Collect$$$$00000008  mc_w.l(entry7b.o)
    0x08000138   0x08000138   0x00000000   Code   RO         3580    .ARM.Collect$$$$0000000A  mc_w.l(entry8b.o)
    0x08000138   0x08000138   0x00000008   Code   RO         3581    .ARM.Collect$$$$0000000B  mc_w.l(entry9a.o)
    0x08000140   0x08000140   0x00000004   Code   RO         3588    .ARM.Collect$$$$0000000E  mc_w.l(entry12b.o)
    0x08000144   0x08000144   0x00000000   Code   RO         3583    .ARM.Collect$$$$0000000F  mc_w.l(entry10a.o)
    0x08000144   0x08000144   0x00000000   Code   RO         3585    .ARM.Collect$$$$00000011  mc_w.l(entry11a.o)
    0x08000144   0x08000144   0x00000004   Code   RO         3574    .ARM.Collect$$$$00002712  mc_w.l(entry2.o)
    0x08000148   0x08000148   0x00000024   Code   RO            4    .text               startup_stm32f10x_hd.o
    0x0800016c   0x0800016c   0x00000024   Code   RO         3589    .text               mc_w.l(init.o)
    0x08000190   0x08000190   0x0000001c   Code   RO         3432    i.AA_BACKUP         aoutput.o
    0x080001ac   0x080001ac   0x0000001c   Code   RO         3433    i.AA_GOFORWARD      aoutput.o
    0x080001c8   0x080001c8   0x0000001c   Code   RO         3434    i.AA_STOP           aoutput.o
    0x080001e4   0x080001e4   0x00000134   Code   RO         3435    i.AOUTPUT_Config    aoutput.o
    0x08000318   0x08000318   0x0000001e   Code   RO         3108    i.ArmB_CTL          main.o
    0x08000336   0x08000336   0x0000001e   Code   RO         3109    i.ArmC_CTL          main.o
    0x08000354   0x08000354   0x0000001e   Code   RO         3110    i.ArmD_CTL          main.o
    0x08000372   0x08000372   0x00000002   PAD
    0x08000374   0x08000374   0x0000001c   Code   RO         3436    i.BB_BACKUP         aoutput.o
    0x08000390   0x08000390   0x0000001c   Code   RO         3437    i.BB_GOFORWARD      aoutput.o
    0x080003ac   0x080003ac   0x0000001c   Code   RO         3438    i.BB_STOP           aoutput.o
    0x080003c8   0x080003c8   0x00000014   Code   RO         3439    i.BUZZER_CLOSE      aoutput.o
    0x080003dc   0x080003dc   0x00000014   Code   RO         3440    i.BUZZER_OPEN       aoutput.o
    0x080003f0   0x080003f0   0x00000004   Code   RO         3309    i.BusFault_Handler  stm32f10x_it.o
    0x080003f4   0x080003f4   0x0000003e   Code   RO         3111    i.CAR_BACK          main.o
    0x08000432   0x08000432   0x0000003a   Code   RO         3112    i.CAR_BLEFT         main.o
    0x0800046c   0x0800046c   0x0000003a   Code   RO         3113    i.CAR_BRIGHT        main.o
    0x080004a6   0x080004a6   0x00000036   Code   RO         3114    i.CAR_FLEFT         main.o
    0x080004dc   0x080004dc   0x00000036   Code   RO         3115    i.CAR_FORWARD       main.o
    0x08000512   0x08000512   0x00000036   Code   RO         3116    i.CAR_FRIGHT        main.o
    0x08000548   0x08000548   0x0000001c   Code   RO         3117    i.CAR_STOP          main.o
    0x08000564   0x08000564   0x0000001c   Code   RO         3441    i.CC_BACKUP         aoutput.o
    0x08000580   0x08000580   0x0000001c   Code   RO         3442    i.CC_GOFORWARD      aoutput.o
    0x0800059c   0x0800059c   0x0000001c   Code   RO         3443    i.CC_STOP           aoutput.o
    0x080005b8   0x080005b8   0x0000000a   Code   RO         3118    i.ClawA_CLOSE       main.o
    0x080005c2   0x080005c2   0x0000001e   Code   RO         3119    i.ClawA_CTL         main.o
    0x080005e0   0x080005e0   0x0000000a   Code   RO         3120    i.ClawA_OPEN        main.o
    0x080005ea   0x080005ea   0x00000002   PAD
    0x080005ec   0x080005ec   0x0000001c   Code   RO         3444    i.DD_BACKUP         aoutput.o
    0x08000608   0x08000608   0x0000001c   Code   RO         3445    i.DD_GOFORWARD      aoutput.o
    0x08000624   0x08000624   0x0000001c   Code   RO         3446    i.DD_STOP           aoutput.o
    0x08000640   0x08000640   0x00000002   Code   RO         3310    i.DebugMon_Handler  stm32f10x_it.o
    0x08000642   0x08000642   0x0000000c   Code   RO         3122    i.Delay_1s          main.o
    0x0800064e   0x0800064e   0x00000022   Code   RO         3123    i.Delayms           main.o
    0x08000670   0x08000670   0x00000090   Code   RO         3372    i.GENERAL_TIM2_GPIO_Config  bsp_generaltim.o
    0x08000700   0x08000700   0x00000030   Code   RO         3373    i.GENERAL_TIM2_Mode_Config  bsp_generaltim.o
    0x08000730   0x08000730   0x00000094   Code   RO         3374    i.GENERAL_TIM3_GPIO_Config  bsp_generaltim.o
    0x080007c4   0x080007c4   0x00000034   Code   RO         3375    i.GENERAL_TIM3_Mode_Config  bsp_generaltim.o
    0x080007f8   0x080007f8   0x00000094   Code   RO         3376    i.GENERAL_TIM4_GPIO_Config  bsp_generaltim.o
    0x0800088c   0x0800088c   0x00000034   Code   RO         3377    i.GENERAL_TIM4_Mode_Config  bsp_generaltim.o
    0x080008c0   0x080008c0   0x0000001c   Code   RO         3124    i.GENERAL_TIM_INIT  main.o
    0x080008dc   0x080008dc   0x00000008   Code   RO         3125    i.GPIO_INIT         main.o
    0x080008e4   0x080008e4   0x00000116   Code   RO         1292    i.GPIO_Init         stm32f10x_gpio.o
    0x080009fa   0x080009fa   0x00000004   Code   RO         1299    i.GPIO_ResetBits    stm32f10x_gpio.o
    0x080009fe   0x080009fe   0x00000004   Code   RO         1300    i.GPIO_SetBits      stm32f10x_gpio.o
    0x08000a02   0x08000a02   0x00000004   Code   RO         3311    i.HardFault_Handler  stm32f10x_it.o
    0x08000a06   0x08000a06   0x0000002a   Code   RO         3126    i.Init_Arm          main.o
    0x08000a30   0x08000a30   0x00000004   Code   RO         3312    i.MemManage_Handler  stm32f10x_it.o
    0x08000a34   0x08000a34   0x00000002   Code   RO         3313    i.NMI_Handler       stm32f10x_it.o
    0x08000a36   0x08000a36   0x00000002   PAD
    0x08000a38   0x08000a38   0x00000010   Code   RO         3447    i.POWER_A24V_CLOSE  aoutput.o
    0x08000a48   0x08000a48   0x00000010   Code   RO         3448    i.POWER_A24V_OPEN   aoutput.o
    0x08000a58   0x08000a58   0x00000010   Code   RO         3449    i.POWER_B20V_CLOSE  aoutput.o
    0x08000a68   0x08000a68   0x00000010   Code   RO         3450    i.POWER_B20V_OPEN   aoutput.o
    0x08000a78   0x08000a78   0x00000014   Code   RO         3451    i.POWER_C6V4_CLOSE  aoutput.o
    0x08000a8c   0x08000a8c   0x00000014   Code   RO         3452    i.POWER_C6V4_OPEN   aoutput.o
    0x08000aa0   0x08000aa0   0x00000034   Code   RO         3127    i.POWER_CLOSE       main.o
    0x08000ad4   0x08000ad4   0x00000024   Code   RO         3128    i.POWER_OPEN        main.o
    0x08000af8   0x08000af8   0x00000002   Code   RO         3314    i.PendSV_Handler    stm32f10x_it.o
    0x08000afa   0x08000afa   0x00000002   PAD
    0x08000afc   0x08000afc   0x00000020   Code   RO         1708    i.RCC_APB1PeriphClockCmd  stm32f10x_rcc.o
    0x08000b1c   0x08000b1c   0x00000020   Code   RO         1710    i.RCC_APB2PeriphClockCmd  stm32f10x_rcc.o
    0x08000b3c   0x08000b3c   0x0000001e   Code   RO         3129    i.RotaE_CTL         main.o
    0x08000b5a   0x08000b5a   0x00000002   Code   RO         3315    i.SVC_Handler       stm32f10x_it.o
    0x08000b5c   0x08000b5c   0x00000008   Code   RO           24    i.SetSysClock       system_stm32f10x.o
    0x08000b64   0x08000b64   0x000000e0   Code   RO           25    i.SetSysClockTo72   system_stm32f10x.o
    0x08000c44   0x08000c44   0x00000002   Code   RO         3316    i.SysTick_Handler   stm32f10x_it.o
    0x08000c46   0x08000c46   0x00000002   PAD
    0x08000c48   0x08000c48   0x00000060   Code   RO           27    i.SystemInit        system_stm32f10x.o
    0x08000ca8   0x08000ca8   0x00000090   Code   RO         3378    i.TIM2_CH_Change    bsp_generaltim.o
    0x08000d38   0x08000d38   0x0000008c   Code   RO         3379    i.TIM3_CH_Change    bsp_generaltim.o
    0x08000dc4   0x08000dc4   0x0000008c   Code   RO         3380    i.TIM4_CH_Change    bsp_generaltim.o
    0x08000e50   0x08000e50   0x00000018   Code   RO         2342    i.TIM_Cmd           stm32f10x_tim.o
    0x08000e68   0x08000e68   0x00000098   Code   RO         2371    i.TIM_OC1Init       stm32f10x_tim.o
    0x08000f00   0x08000f00   0x00000012   Code   RO         2374    i.TIM_OC1PreloadConfig  stm32f10x_tim.o
    0x08000f12   0x08000f12   0x00000002   PAD
    0x08000f14   0x08000f14   0x000000a4   Code   RO         2376    i.TIM_OC2Init       stm32f10x_tim.o
    0x08000fb8   0x08000fb8   0x0000001a   Code   RO         2379    i.TIM_OC2PreloadConfig  stm32f10x_tim.o
    0x08000fd2   0x08000fd2   0x00000002   PAD
    0x08000fd4   0x08000fd4   0x000000a0   Code   RO         2381    i.TIM_OC3Init       stm32f10x_tim.o
    0x08001074   0x08001074   0x00000012   Code   RO         2384    i.TIM_OC3PreloadConfig  stm32f10x_tim.o
    0x08001086   0x08001086   0x00000002   PAD
    0x08001088   0x08001088   0x0000007c   Code   RO         2386    i.TIM_OC4Init       stm32f10x_tim.o
    0x08001104   0x08001104   0x0000001a   Code   RO         2388    i.TIM_OC4PreloadConfig  stm32f10x_tim.o
    0x0800111e   0x0800111e   0x00000002   PAD
    0x08001120   0x08001120   0x000000a4   Code   RO         2413    i.TIM_TimeBaseInit  stm32f10x_tim.o
    0x080011c4   0x080011c4   0x00000004   Code   RO         3317    i.UsageFault_Handler  stm32f10x_it.o
    0x080011c8   0x080011c8   0x00000028   Code   RO         3130    i.WheelA_Direction  main.o
    0x080011f0   0x080011f0   0x00000016   Code   RO         3131    i.WheelA_Speed      main.o
    0x08001206   0x08001206   0x00000028   Code   RO         3132    i.WheelB_Direction  main.o
    0x0800122e   0x0800122e   0x00000016   Code   RO         3133    i.WheelB_Speed      main.o
    0x08001244   0x08001244   0x00000028   Code   RO         3134    i.WheelC_Direction  main.o
    0x0800126c   0x0800126c   0x00000016   Code   RO         3135    i.WheelC_Speed      main.o
    0x08001282   0x08001282   0x00000028   Code   RO         3136    i.WheelD_Direction  main.o
    0x080012aa   0x080012aa   0x00000016   Code   RO         3137    i.WheelD_Speed      main.o
    0x080012c0   0x080012c0   0x0000000e   Code   RO         3593    i.__scatterload_copy  mc_w.l(handlers.o)
    0x080012ce   0x080012ce   0x00000002   Code   RO         3594    i.__scatterload_null  mc_w.l(handlers.o)
    0x080012d0   0x080012d0   0x0000000e   Code   RO         3595    i.__scatterload_zeroinit  mc_w.l(handlers.o)
    0x080012de   0x080012de   0x00000240   Code   RO         3138    i.main              main.o
    0x0800151e   0x0800151e   0x00000002   PAD
    0x08001520   0x08001520   0x00000010   Data   RO         3591    Region$$Table       anon$$obj.o


    Execution Region RW_IRAM1 (Exec base: 0x20000000, Load base: 0x08001530, Size: 0x00000400, Max: 0x00010000, ABSOLUTE)

    Exec Addr    Load Addr    Size         Type   Attr      Idx    E Section Name        Object

    0x20000000        -       0x00000400   Zero   RW            1    STACK               startup_stm32f10x_hd.o


==============================================================================

Image component sizes


      Code (inc. data)   RO Data    RW Data    ZI Data      Debug   Object Name

       788         96          0          0          0       9037   aoutput.o
      1016         32          0          0          0       5245   bsp_generaltim.o
         0          0          0          0          0       4508   core_cm3.o
      1574          0          0          0          0      14139   main.o
        36          8        304          0       1024        836   startup_stm32f10x_hd.o
       286          0          0          0          0       3076   stm32f10x_gpio.o
        26          0          0          0          0       3542   stm32f10x_it.o
        64         12          0          0          0       1154   stm32f10x_rcc.o
       876         92          0          0          0       7041   stm32f10x_tim.o
       328         28          0          0          0     233661   system_stm32f10x.o

    ----------------------------------------------------------------------
      5014        268        320          0       1024     282239   Object Totals
         0          0         16          0          0          0   (incl. Generated)
        20          0          0          0          0          0   (incl. Padding)

    ----------------------------------------------------------------------

      Code (inc. data)   RO Data    RW Data    ZI Data      Debug   Library Member Name

         0          0          0          0          0          0   entry.o
         0          0          0          0          0          0   entry10a.o
         0          0          0          0          0          0   entry11a.o
         4          0          0          0          0          0   entry12b.o
         8          4          0          0          0          0   entry2.o
         4          0          0          0          0          0   entry5.o
         0          0          0          0          0          0   entry7b.o
         0          0          0          0          0          0   entry8b.o
         8          4          0          0          0          0   entry9a.o
        30          0          0          0          0          0   handlers.o
        36          8          0          0          0         68   init.o

    ----------------------------------------------------------------------
        90         16          0          0          0         68   Library Totals
         0          0          0          0          0          0   (incl. Padding)

    ----------------------------------------------------------------------

      Code (inc. data)   RO Data    RW Data    ZI Data      Debug   Library Name

        90         16          0          0          0         68   mc_w.l

    ----------------------------------------------------------------------
        90         16          0          0          0         68   Library Totals

    ----------------------------------------------------------------------

==============================================================================


      Code (inc. data)   RO Data    RW Data    ZI Data      Debug   

      5104        284        320          0       1024     278091   Grand Totals
      5104        284        320          0       1024     278091   ELF Image Totals
      5104        284        320          0          0          0   ROM Totals

==============================================================================

    Total RO  Size (Code + RO Data)                 5424 (   5.30kB)
    Total RW  Size (RW Data + ZI Data)              1024 (   1.00kB)
    Total ROM Size (Code + RO Data + RW Data)       5424 (   5.30kB)

==============================================================================

